Component: ARM Compiler 6.12 Tool: armlink [5d624300]

==============================================================================

Section Cross References

    startup_stm32f103xb.o(STACK) refers (Special) to heapauxi.o(.text) for __use_two_region_memory
    startup_stm32f103xb.o(HEAP) refers (Special) to heapauxi.o(.text) for __use_two_region_memory
    startup_stm32f103xb.o(RESET) refers (Special) to heapauxi.o(.text) for __use_two_region_memory
    startup_stm32f103xb.o(RESET) refers to startup_stm32f103xb.o(STACK) for __initial_sp
    startup_stm32f103xb.o(RESET) refers to startup_stm32f103xb.o(.text) for Reset_Handler
    startup_stm32f103xb.o(RESET) refers to stm32f1xx_it.o(.text.NMI_Handler) for NMI_Handler
    startup_stm32f103xb.o(RESET) refers to stm32f1xx_it.o(.text.HardFault_Handler) for HardFault_Handler
    startup_stm32f103xb.o(RESET) refers to stm32f1xx_it.o(.text.MemManage_Handler) for MemManage_Handler
    startup_stm32f103xb.o(RESET) refers to stm32f1xx_it.o(.text.BusFault_Handler) for BusFault_Handler
    startup_stm32f103xb.o(RESET) refers to stm32f1xx_it.o(.text.UsageFault_Handler) for UsageFault_Handler
    startup_stm32f103xb.o(RESET) refers to stm32f1xx_it.o(.text.SVC_Handler) for SVC_Handler
    startup_stm32f103xb.o(RESET) refers to stm32f1xx_it.o(.text.DebugMon_Handler) for DebugMon_Handler
    startup_stm32f103xb.o(RESET) refers to stm32f1xx_it.o(.text.PendSV_Handler) for PendSV_Handler
    startup_stm32f103xb.o(RESET) refers to stm32f1xx_it.o(.text.SysTick_Handler) for SysTick_Handler
    startup_stm32f103xb.o(.text) refers (Special) to heapauxi.o(.text) for __use_two_region_memory
    startup_stm32f103xb.o(.text) refers to system_stm32f1xx.o(.text.SystemInit) for SystemInit
    startup_stm32f103xb.o(.text) refers to __main.o(!!!main) for __main
    startup_stm32f103xb.o(.text) refers to startup_stm32f103xb.o(HEAP) for Heap_Mem
    startup_stm32f103xb.o(.text) refers to startup_stm32f103xb.o(STACK) for Stack_Mem
    main.o(.text.main) refers to stm32f1xx_hal.o(.text.HAL_Init) for HAL_Init
    main.o(.text.main) refers to main.o(.text._Z18SystemClock_Configv) for SystemClock_Config()
    main.o(.text.main) refers to lcd.o(.text._ZN5MyLCDC2Echhhhhh) for MyLCD::MyLCD(char, unsigned char, unsigned char, unsigned char, unsigned char, unsigned char, unsigned char)
    main.o(.text.main) refers to lcd.o(.text._ZN5MyLCD4initEhbbb) for MyLCD::init(unsigned char, bool, bool, bool)
    main.o(.text.main) refers to main.o(.text._ZN5MyLCD5clearEv) for MyLCD::clear()
    main.o(.text.main) refers to main.o(.text._ZN5MyLCD4homeEv) for MyLCD::home()
    main.o(.text.main) refers to lcd.o(.text._ZN5MyLCD9setCursorEbh) for MyLCD::setCursor(bool, unsigned char)
    main.o(.text.main) refers to lcd.o(.text._ZN5MyLCD4dataEv) for MyLCD::data()
    main.o(.text.main) refers to lcd.o(.text._ZN5MyLCD9writeCharEc) for MyLCD::writeChar(char)
    main.o(.text.main) refers to lcd.o(.text._ZN5MyLCD5printEPKcz) for MyLCD::print(const char*, ...)
    main.o(.text.main) refers to main.o(.text._ZN5MyLCD5printEc) for MyLCD::print(char)
    main.o(.text.main) refers to stm32f1xx_hal.o(.text.HAL_Delay) for HAL_Delay
    main.o(.text.main) refers to main.o(.text._ZN5MyLCD6shiftREhs) for MyLCD::shiftR(unsigned char, short)
    main.o(.text.main) refers to main.o(.text._ZN5MyLCD6shiftLEhs) for MyLCD::shiftL(unsigned char, short)
    main.o(.text.main) refers to lcd.o(.text._ZN5MyLCD11defineGraphEPca) for MyLCD::defineGraph(char*, signed char)
    main.o(.ARM.exidx.text.main) refers to Unwind-EHABI.cpp.o(.text.__aeabi_unwind_cpp_pr0) for __aeabi_unwind_cpp_pr0
    main.o(.ARM.exidx.text.main) refers to main.o(.text.main) for [Anonymous Symbol]
    main.o(.text._Z18SystemClock_Configv) refers to rt_memclr_w.o(.text) for __aeabi_memclr4
    main.o(.text._Z18SystemClock_Configv) refers to stm32f1xx_hal_rcc.o(.text.HAL_RCC_OscConfig) for HAL_RCC_OscConfig
    main.o(.text._Z18SystemClock_Configv) refers to stm32f1xx_hal_rcc.o(.text.HAL_RCC_ClockConfig) for HAL_RCC_ClockConfig
    main.o(.ARM.exidx.text._Z18SystemClock_Configv) refers to Unwind-EHABI.cpp.o(.text.__aeabi_unwind_cpp_pr0) for __aeabi_unwind_cpp_pr0
    main.o(.ARM.exidx.text._Z18SystemClock_Configv) refers to main.o(.text._Z18SystemClock_Configv) for [Anonymous Symbol]
    main.o(.ARM.exidx.text.Error_Handler) refers to main.o(.text.Error_Handler) for [Anonymous Symbol]
    stm32f1xx_it.o(.ARM.exidx.text.NMI_Handler) refers to stm32f1xx_it.o(.text.NMI_Handler) for [Anonymous Symbol]
    stm32f1xx_it.o(.ARM.exidx.text.HardFault_Handler) refers to stm32f1xx_it.o(.text.HardFault_Handler) for [Anonymous Symbol]
    stm32f1xx_it.o(.ARM.exidx.text.MemManage_Handler) refers to stm32f1xx_it.o(.text.MemManage_Handler) for [Anonymous Symbol]
    stm32f1xx_it.o(.ARM.exidx.text.BusFault_Handler) refers to stm32f1xx_it.o(.text.BusFault_Handler) for [Anonymous Symbol]
[...]
    ../clib/printf_percent.s                 0x00000000   Number         0  _printf_llu.o ABSOLUTE
    ../clib/printf_percent.s                 0x00000000   Number         0  _printf_ll.o ABSOLUTE
    ../clib/printf_percent.s                 0x00000000   Number         0  _printf_l.o ABSOLUTE
    ../clib/printf_percent.s                 0x00000000   Number         0  _printf_lc.o ABSOLUTE
    ../clib/printf_percent.s                 0x00000000   Number         0  _printf_ls.o ABSOLUTE
    ../clib/printf_percent.s                 0x00000000   Number         0  _printf_llo.o ABSOLUTE
    ../clib/printf_percent.s                 0x00000000   Number         0  _printf_llx.o ABSOLUTE
    ../clib/printf_percent.s                 0x00000000   Number         0  _printf_percent_end.o ABSOLUTE
    ../clib/signal.c                         0x00000000   Number         0  defsig_abrt_outer.o ABSOLUTE
    ../clib/signal.c                         0x00000000   Number         0  defsig_abrt_formal.o ABSOLUTE
    ../clib/signal.c                         0x00000000   Number         0  defsig_exit.o ABSOLUTE
    ../clib/signal.c                         0x00000000   Number         0  defsig_abrt_inner.o ABSOLUTE
    ../clib/signal.c                         0x00000000   Number         0  __raise.o ABSOLUTE
    ../clib/signal.c                         0x00000000   Number         0  defsig_general.o ABSOLUTE
    ../clib/signal.c                         0x00000000   Number         0  defsig_fpe_inner.o ABSOLUTE
    ../clib/signal.c                         0x00000000   Number         0  defsig_rtred_inner.o ABSOLUTE
    ../clib/signal.c                         0x00000000   Number         0  defsig_rtmem_inner.o ABSOLUTE
    ../clib/signal.c                         0x00000000   Number         0  defsig_stak_inner.o ABSOLUTE
    ../clib/signal.c                         0x00000000   Number         0  defsig_pvfn_inner.o ABSOLUTE
    ../clib/signal.c                         0x00000000   Number         0  defsig_cppl_inner.o ABSOLUTE
    ../clib/signal.c                         0x00000000   Number         0  defsig_segv_inner.o ABSOLUTE
    ../clib/signal.c                         0x00000000   Number         0  defsig_other.o ABSOLUTE
    ../clib/signal.c                         0x00000000   Number         0  defsig_rtmem_outer.o ABSOLUTE
    ../clib/signal.c                         0x00000000   Number         0  defsig_rtmem_formal.o ABSOLUTE
    ../clib/signal.s                         0x00000000   Number         0  defsig.o ABSOLUTE
    ../clib/stdlib.c                         0x00000000   Number         0  abort.o ABSOLUTE
    ../clib/stdlib.c                         0x00000000   Number         0  exit.o ABSOLUTE
    ../fplib/fpinit.s                        0x00000000   Number         0  fpinit.o ABSOLUTE
    ../fplib/istatus.s                       0x00000000   Number         0  istatus.o ABSOLUTE
    ../fplib/printf1.s                       0x00000000   Number         0  printf1.o ABSOLUTE
    ../fplib/printf2.s                       0x00000000   Number         0  printf2.o ABSOLUTE
    ../fplib/printf2a.s                      0x00000000   Number         0  printf2a.o ABSOLUTE
    ../fplib/printf2b.s                      0x00000000   Number         0  printf2b.o ABSOLUTE
    ../fplib/usenofp.s                       0x00000000   Number         0  usenofp.o ABSOLUTE
    ../mathlib/fpclassify.c                  0x00000000   Number         0  fpclassify.o ABSOLUTE
    LCD.cpp                                  0x00000000   Number         0  lcd.o ABSOLUTE
    LCD.h                                    0x00000000   Number         0  lcd_1.o ABSOLUTE
    Unwind-EHABI.cpp                         0x00000000   Number         0  Unwind-EHABI.cpp.o ABSOLUTE
    dc.s                                     0x00000000   Number         0  dc.o ABSOLUTE
    libunwind.cpp                            0x00000000   Number         0  libunwind.cpp.o ABSOLUTE
    main.c                                   0x00000000   Number         0  main.o ABSOLUTE
    startup_stm32f103xb.s                    0x00000000   Number         0  startup_stm32f103xb.o ABSOLUTE
    stm32f1xx_hal.c                          0x00000000   Number         0  stm32f1xx_hal.o ABSOLUTE
    stm32f1xx_hal_cortex.c                   0x00000000   Number         0  stm32f1xx_hal_cortex.o ABSOLUTE
    stm32f1xx_hal_dma.c                      0x00000000   Number         0  stm32f1xx_hal_dma.o ABSOLUTE
    stm32f1xx_hal_flash.c                    0x00000000   Number         0  stm32f1xx_hal_flash.o ABSOLUTE
    stm32f1xx_hal_flash_ex.c                 0x00000000   Number         0  stm32f1xx_hal_flash_ex.o ABSOLUTE
    stm32f1xx_hal_gpio.c                     0x00000000   Number         0  stm32f1xx_hal_gpio.o ABSOLUTE
    stm32f1xx_hal_gpio_ex.c                  0x00000000   Number         0  stm32f1xx_hal_gpio_ex.o ABSOLUTE
    stm32f1xx_hal_msp.c                      0x00000000   Number         0  stm32f1xx_hal_msp.o ABSOLUTE
    stm32f1xx_hal_pwr.c                      0x00000000   Number         0  stm32f1xx_hal_pwr.o ABSOLUTE
    stm32f1xx_hal_rcc.c                      0x00000000   Number         0  stm32f1xx_hal_rcc.o ABSOLUTE
    stm32f1xx_hal_rcc_ex.c                   0x00000000   Number         0  stm32f1xx_hal_rcc_ex.o ABSOLUTE
    stm32f1xx_hal_tim.c                      0x00000000   Number         0  stm32f1xx_hal_tim.o ABSOLUTE
    stm32f1xx_hal_tim_ex.c                   0x00000000   Number         0  stm32f1xx_hal_tim_ex.o ABSOLUTE
    stm32f1xx_it.c                           0x00000000   Number         0  stm32f1xx_it.o ABSOLUTE
    system_stm32f1xx.c                       0x00000000   Number         0  system_stm32f1xx.o ABSOLUTE
    RESET                                    0x08000000   Section      236  startup_stm32f103xb.o(RESET)
    !!!main                                  0x080000ec   Section        8  __main.o(!!!main)
    !!!scatter                               0x080000f4   Section       52  __scatter.o(!!!scatter)
    !!handler_copy                           0x08000128   Section       26  __scatter_copy.o(!!handler_copy)
    !!handler_zi                             0x08000144   Section       28  __scatter_zi.o(!!handler_zi)
    .ARM.Collect$$_printf_percent$$00000000  0x08000160   Section        0  _printf_percent.o(.ARM.Collect$$_printf_percent$$00000000)
    .ARM.Collect$$_printf_percent$$00000001  0x08000160   Section        6  _printf_n.o(.ARM.Collect$$_printf_percent$$00000001)
    .ARM.Collect$$_printf_percent$$00000002  0x08000166   Section        6  _printf_p.o(.ARM.Collect$$_printf_percent$$00000002)
    .ARM.Collect$$_printf_percent$$00000003  0x0800016c   Section        6  _printf_f.o(.ARM.Collect$$_printf_percent$$00000003)
    .ARM.Collect$$_printf_percent$$00000004  0x08000172   Section        6  _printf_e.o(.ARM.Collect$$_printf_percent$$00000004)
    .ARM.Collect$$_printf_percent$$00000005  0x08000178   Section        6  _printf_g.o(.ARM.Collect$$_printf_percent$$00000005)
    .ARM.Collect$$_printf_percent$$00000006  0x0800017e   Section        6  _printf_a.o(.ARM.Collect$$_printf_percent$$00000006)
    .ARM.Collect$$_printf_percent$$00000007  0x08000184   Section       10  _printf_ll.o(.ARM.Collect$$_printf_percent$$00000007)
    .ARM.Collect$$_printf_percent$$00000008  0x0800018e   Section        6  _printf_i.o(.ARM.Collect$$_printf_percent$$00000008)
    .ARM.Collect$$_printf_percent$$00000009  0x08000194   Section        6  _printf_d.o(.ARM.Collect$$_printf_percent$$00000009)
    .ARM.Collect$$_printf_percent$$0000000A  0x0800019a   Section        6  _printf_u.o(.ARM.Collect$$_printf_percent$$0000000A)
    .ARM.Collect$$_printf_percent$$0000000B  0x080001a0   Section        6  _printf_o.o(.ARM.Collect$$_printf_percent$$0000000B)
    .ARM.Collect$$_printf_percent$$0000000C  0x080001a6   Section        6  _printf_x.o(.ARM.Collect$$_printf_percent$$0000000C)
    .ARM.Collect$$_printf_percent$$0000000D  0x080001ac   Section        6  _printf_lli.o(.ARM.Collect$$_printf_percent$$0000000D)
    .ARM.Collect$$_printf_percent$$0000000E  0x080001b2   Section        6  _printf_lld.o(.ARM.Collect$$_printf_percent$$0000000E)
    .ARM.Collect$$_printf_percent$$0000000F  0x080001b8   Section        6  _printf_llu.o(.ARM.Collect$$_printf_percent$$0000000F)
    .ARM.Collect$$_printf_percent$$00000010  0x080001be   Section        6  _printf_llo.o(.ARM.Collect$$_printf_percent$$00000010)
    .ARM.Collect$$_printf_percent$$00000011  0x080001c4   Section        6  _printf_llx.o(.ARM.Collect$$_printf_percent$$00000011)
    .ARM.Collect$$_printf_percent$$00000012  0x080001ca   Section       10  _printf_l.o(.ARM.Collect$$_printf_percent$$00000012)
    .ARM.Collect$$_printf_percent$$00000013  0x080001d4   Section        6  _printf_c.o(.ARM.Collect$$_printf_percent$$00000013)
    .ARM.Collect$$_printf_percent$$00000014  0x080001da   Section        6  _printf_s.o(.ARM.Collect$$_printf_percent$$00000014)
    .ARM.Collect$$_printf_percent$$00000015  0x080001e0   Section        6  _printf_lc.o(.ARM.Collect$$_printf_percent$$00000015)
    .ARM.Collect$$_printf_percent$$00000016  0x080001e6   Section        6  _printf_ls.o(.ARM.Collect$$_printf_percent$$00000016)
    .ARM.Collect$$_printf_percent$$00000017  0x080001ec   Section        4  _printf_percent_end.o(.ARM.Collect$$_printf_percent$$00000017)
    .ARM.Collect$$libinit$$00000000          0x080001f0   Section        2  libinit.o(.ARM.Collect$$libinit$$00000000)
    .ARM.Collect$$libinit$$00000002          0x080001f2   Section        0  libinit2.o(.ARM.Collect$$libinit$$00000002)
    .ARM.Collect$$libinit$$00000004          0x080001f2   Section        0  libinit2.o(.ARM.Collect$$libinit$$00000004)
    .ARM.Collect$$libinit$$0000000A          0x080001f2   Section        0  libinit2.o(.ARM.Collect$$libinit$$0000000A)
    .ARM.Collect$$libinit$$0000000C          0x080001f2   Section        0  libinit2.o(.ARM.Collect$$libinit$$0000000C)
    .ARM.Collect$$libinit$$0000000E          0x080001f2   Section        0  libinit2.o(.ARM.Collect$$libinit$$0000000E)
    .ARM.Collect$$libinit$$0000000F          0x080001f2   Section        6  libinit2.o(.ARM.Collect$$libinit$$0000000F)
    .ARM.Collect$$libinit$$00000011          0x080001f8   Section        0  libinit2.o(.ARM.Collect$$libinit$$00000011)
    .ARM.Collect$$libinit$$00000012          0x080001f8   Section       12  libinit2.o(.ARM.Collect$$libinit$$00000012)
    .ARM.Collect$$libinit$$00000013          0x08000204   Section        0  libinit2.o(.ARM.Collect$$libinit$$00000013)
    .ARM.Collect$$libinit$$00000015          0x08000204   Section        0  libinit2.o(.ARM.Collect$$libinit$$00000015)
    .ARM.Collect$$libinit$$00000016          0x08000204   Section       10  libinit2.o(.ARM.Collect$$libinit$$00000016)
    .ARM.Collect$$libinit$$00000017          0x0800020e   Section        0  libinit2.o(.ARM.Collect$$libinit$$00000017)
    .ARM.Collect$$libinit$$00000019          0x0800020e   Section        0  libinit2.o(.ARM.Collect$$libinit$$00000019)
    .ARM.Collect$$libinit$$0000001B          0x0800020e   Section        0  libinit2.o(.ARM.Collect$$libinit$$0000001B)
    .ARM.Collect$$libinit$$0000001D          0x0800020e   Section        0  libinit2.o(.ARM.Collect$$libinit$$0000001D)
    .ARM.Collect$$libinit$$0000001F          0x0800020e   Section        0  libinit2.o(.ARM.Collect$$libinit$$0000001F)
    .ARM.Collect$$libinit$$00000021          0x0800020e   Section        0  libinit2.o(.ARM.Collect$$libinit$$00000021)
    .ARM.Collect$$libinit$$00000023          0x0800020e   Section        0  libinit2.o(.ARM.Collect$$libinit$$00000023)
    .ARM.Collect$$libinit$$00000025          0x0800020e   Section        0  libinit2.o(.ARM.Collect$$libinit$$00000025)
    .ARM.Collect$$libinit$$0000002C          0x0800020e   Section        0  libinit2.o(.ARM.Collect$$libinit$$0000002C)
    .ARM.Collect$$libinit$$0000002E          0x0800020e   Section        0  libinit2.o(.ARM.Collect$$libinit$$0000002E)
    .ARM.Collect$$libinit$$00000030          0x0800020e   Section        0  libinit2.o(.ARM.Collect$$libinit$$00000030)
    .ARM.Collect$$libinit$$00000032          0x0800020e   Section        0  libinit2.o(.ARM.Collect$$libinit$$00000032)
    .ARM.Collect$$libinit$$00000033          0x0800020e   Section        2  libinit2.o(.ARM.Collect$$libinit$$00000033)
    .ARM.Collect$$libshutdown$$00000000      0x08000210   Section        2  libshutdown.o(.ARM.Collect$$libshutdown$$00000000)
    .ARM.Collect$$libshutdown$$00000002      0x08000212   Section        0  libshutdown2.o(.ARM.Collect$$libshutdown$$00000002)
    .ARM.Collect$$libshutdown$$00000004      0x08000212   Section        0  libshutdown2.o(.ARM.Collect$$libshutdown$$00000004)
    .ARM.Collect$$libshutdown$$00000007      0x08000212   Section        0  libshutdown2.o(.ARM.Collect$$libshutdown$$00000007)
    .ARM.Collect$$libshutdown$$0000000A      0x08000212   Section        0  libshutdown2.o(.ARM.Collect$$libshutdown$$0000000A)
    .ARM.Collect$$libshutdown$$0000000C      0x08000212   Section        0  libshutdown2.o(.ARM.Collect$$libshutdown$$0000000C)
    .ARM.Collect$$libshutdown$$0000000F      0x08000212   Section        0  libshutdown2.o(.ARM.Collect$$libshutdown$$0000000F)
    .ARM.Collect$$libshutdown$$00000010      0x08000212   Section        2  libshutdown2.o(.ARM.Collect$$libshutdown$$00000010)
    .ARM.Collect$$rtentry$$00000000          0x08000214   Section        0  __rtentry.o(.ARM.Collect$$rtentry$$00000000)
    .ARM.Collect$$rtentry$$00000002          0x08000214   Section        0  __rtentry2.o(.ARM.Collect$$rtentry$$00000002)
    .ARM.Collect$$rtentry$$00000004          0x08000214   Section        6  __rtentry4.o(.ARM.Collect$$rtentry$$00000004)
    .ARM.Collect$$rtentry$$00000009          0x0800021a   Section        0  __rtentry2.o(.ARM.Collect$$rtentry$$00000009)
    .ARM.Collect$$rtentry$$0000000A          0x0800021a   Section        4  __rtentry2.o(.ARM.Collect$$rtentry$$0000000A)
    .ARM.Collect$$rtentry$$0000000C          0x0800021e   Section        0  __rtentry2.o(.ARM.Collect$$rtentry$$0000000C)
    .ARM.Collect$$rtentry$$0000000D          0x0800021e   Section        8  __rtentry2.o(.ARM.Collect$$rtentry$$0000000D)
    .ARM.Collect$$rtexit$$00000000           0x08000226   Section        2  rtexit.o(.ARM.Collect$$rtexit$$00000000)
    .ARM.Collect$$rtexit$$00000002           0x08000228   Section        0  rtexit2.o(.ARM.Collect$$rtexit$$00000002)
    .ARM.Collect$$rtexit$$00000003           0x08000228   Section        4  rtexit2.o(.ARM.Collect$$rtexit$$00000003)
    .ARM.Collect$$rtexit$$00000004           0x0800022c   Section        6  rtexit2.o(.ARM.Collect$$rtexit$$00000004)
    .text                                    0x08000234   Section       64  startup_stm32f103xb.o(.text)
    .text                                    0x08000274   Section        0  vsprintf.o(.text)
    .text                                    0x08000298   Section       78  rt_memclr_w.o(.text)
    .text                                    0x080002e6   Section        0  heapauxi.o(.text)
    .text                                    0x080002ec   Section        0  _printf_pad.o(.text)
    .text                                    0x0800033a   Section        0  _printf_truncate.o(.text)
    .text                                    0x0800035e   Section        0  _printf_str.o(.text)
    .text                                    0x080003b0   Section        0  _printf_dec.o(.text)
    .text                                    0x08000428   Section        0  _printf_charcount.o(.text)
    _printf_input_char                       0x08000451   Thumb Code    10  _printf_char_common.o(.text)
    .text                                    0x08000450   Section        0  _printf_char_common.o(.text)
    .text                                    0x08000480   Section        0  _sputc.o(.text)
    .text                                    0x0800048c   Section        0  _printf_wctomb.o(.text)
    .text                                    0x08000548   Section        0  _printf_longlong_dec.o(.text)
    _printf_longlong_oct_internal            0x080005c5   Thumb Code     0  _printf_oct_int_ll.o(.text)
    .text                                    0x080005c4   Section        0  _printf_oct_int_ll.o(.text)
    _printf_hex_common                       0x08000635   Thumb Code     0  _printf_hex_int_ll_ptr.o(.text)
    .text                                    0x08000634   Section        0  _printf_hex_int_ll_ptr.o(.text)
    .text                                    0x080006c8   Section        0  __printf_flags_ss_wp.o(.text)
    .text                                    0x08000850   Section        0  sys_exit.o(.text)
    .text                                    0x0800085c   Section      138  lludiv10.o(.text)
    .text                                    0x080008e6   Section        0  _printf_intcommon.o(.text)
    _fp_digits                               0x08000999   Thumb Code   432  _printf_fp_dec.o(.text)
    .text                                    0x08000998   Section        0  _printf_fp_dec.o(.text)
    .text                                    0x08000db4   Section        0  _printf_fp_hex.o(.text)
    .text                                    0x080010b0   Section        0  _printf_char.o(.text)
    .text                                    0x080010dc   Section        0  _printf_wchar.o(.text)
    .text                                    0x08001108   Section        0  _c16rtomb.o(.text)
    .text                                    0x08001150   Section        2  use_no_semi.o(.text)
    .text                                    0x08001152   Section        0  indicate_semi.o(.text)
    .text                                    0x08001152   Section       74  sys_stackheap_outer.o(.text)
    .text                                    0x0800119c   Section       16  rt_ctype_table.o(.text)
    .text                                    0x080011ac   Section        8  rt_locale_intlibspace.o(.text)
    .text                                    0x080011b4   Section        0  _printf_fp_infnan.o(.text)
    .text                                    0x08001234   Section        0  bigflt0.o(.text)
    .text                                    0x08001318   Section        0  exit.o(.text)
    .text                                    0x0800132c   Section        8  libspace.o(.text)
    .text                                    0x08001334   Section      128  strcmpv7m.o(.text)
    [Anonymous Symbol]                       0x080013b4   Section        0  stm32f1xx_it.o(.text.BusFault_Handler)
    [Anonymous Symbol]                       0x080013b6   Section        0  stm32f1xx_it.o(.text.DebugMon_Handler)
    [Anonymous Symbol]                       0x080013b8   Section        0  stm32f1xx_hal.o(.text.HAL_Delay)
    [Anonymous Symbol]                       0x080013d8   Section        0  stm32f1xx_hal.o(.text.HAL_GetTick)
    [Anonymous Symbol]                       0x080013e0   Section        0  stm32f1xx_hal.o(.text.HAL_IncTick)
    __arm_cp.5_1                             0x080013f0   Number         4  stm32f1xx_hal.o(.text.HAL_IncTick)
    [Anonymous Symbol]                       0x080013f4   Section        0  stm32f1xx_hal.o(.text.HAL_Init)
    [Anonymous Symbol]                       0x08001414   Section        0  stm32f1xx_hal.o(.text.HAL_InitTick)
    __arm_cp.1_0                             0x0800144c   Number         4  stm32f1xx_hal.o(.text.HAL_InitTick)
    [Anonymous Symbol]                       0x08001450   Section        0  stm32f1xx_hal_msp.o(.text.HAL_MspInit)
    __arm_cp.0_0                             0x08001488   Number         4  stm32f1xx_hal_msp.o(.text.HAL_MspInit)
    __arm_cp.0_1                             0x0800148c   Number         4  stm32f1xx_hal_msp.o(.text.HAL_MspInit)
    [Anonymous Symbol]                       0x08001490   Section        0  stm32f1xx_hal_cortex.o(.text.HAL_NVIC_SetPriority)
    [Anonymous Symbol]                       0x080014cc   Section        0  stm32f1xx_hal_cortex.o(.text.HAL_NVIC_SetPriorityGrouping)
    __arm_cp.0_0                             0x080014e4   Number         4  stm32f1xx_hal_cortex.o(.text.HAL_NVIC_SetPriorityGrouping)
    __arm_cp.0_1                             0x080014e8   Number         4  stm32f1xx_hal_cortex.o(.text.HAL_NVIC_SetPriorityGrouping)
    [Anonymous Symbol]                       0x080014ec   Section        0  stm32f1xx_hal_rcc.o(.text.HAL_RCC_ClockConfig)
    __arm_cp.2_0                             0x0800163c   Number         4  stm32f1xx_hal_rcc.o(.text.HAL_RCC_ClockConfig)
    __arm_cp.2_2                             0x08001640   Number         4  stm32f1xx_hal_rcc.o(.text.HAL_RCC_ClockConfig)
    __arm_cp.2_3                             0x08001644   Number         4  stm32f1xx_hal_rcc.o(.text.HAL_RCC_ClockConfig)
    [Anonymous Symbol]                       0x08001648   Section        0  stm32f1xx_hal_rcc.o(.text.HAL_RCC_GetSysClockFreq)
    __arm_cp.3_0                             0x08001680   Number         4  stm32f1xx_hal_rcc.o(.text.HAL_RCC_GetSysClockFreq)
    __arm_cp.3_1                             0x08001684   Number         4  stm32f1xx_hal_rcc.o(.text.HAL_RCC_GetSysClockFreq)
    __arm_cp.3_4                             0x0800169c   Number         4  stm32f1xx_hal_rcc.o(.text.HAL_RCC_GetSysClockFreq)
    [Anonymous Symbol]                       0x080016a0   Section        0  stm32f1xx_hal_rcc.o(.text.HAL_RCC_OscConfig)
    __arm_cp.1_1                             0x0800198c   Number         4  stm32f1xx_hal_rcc.o(.text.HAL_RCC_OscConfig)
    __arm_cp.1_2                             0x08001990   Number         4  stm32f1xx_hal_rcc.o(.text.HAL_RCC_OscConfig)
    __arm_cp.1_3                             0x08001994   Number         4  stm32f1xx_hal_rcc.o(.text.HAL_RCC_OscConfig)
    [Anonymous Symbol]                       0x08001998   Section        0  stm32f1xx_hal_cortex.o(.text.HAL_SYSTICK_Config)
    __arm_cp.7_0                             0x080019b8   Number         4  stm32f1xx_hal_cortex.o(.text.HAL_SYSTICK_Config)
    __arm_cp.7_1                             0x080019bc   Number         4  stm32f1xx_hal_cortex.o(.text.HAL_SYSTICK_Config)
    [Anonymous Symbol]                       0x080019c0   Section        0  stm32f1xx_it.o(.text.HardFault_Handler)
    [Anonymous Symbol]                       0x080019c2   Section        0  stm32f1xx_it.o(.text.MemManage_Handler)
    [Anonymous Symbol]                       0x080019c4   Section        0  stm32f1xx_it.o(.text.NMI_Handler)
    NVIC_SetPriority                         0x080019c9   Thumb Code    36  stm32f1xx_hal_cortex.o(.text.NVIC_SetPriority)
    [Anonymous Symbol]                       0x080019c8   Section        0  stm32f1xx_hal_cortex.o(.text.NVIC_SetPriority)
    __arm_cp.2_0                             0x080019e4   Number         4  stm32f1xx_hal_cortex.o(.text.NVIC_SetPriority)
    __arm_cp.2_1                             0x080019e8   Number         4  stm32f1xx_hal_cortex.o(.text.NVIC_SetPriority)
    [Anonymous Symbol]                       0x080019ec   Section        0  stm32f1xx_it.o(.text.PendSV_Handler)
    [Anonymous Symbol]                       0x080019ee   Section        0  stm32f1xx_it.o(.text.SVC_Handler)
    [Anonymous Symbol]                       0x080019f0   Section        0  stm32f1xx_it.o(.text.SysTick_Handler)
    [Anonymous Symbol]                       0x080019f4   Section        0  system_stm32f1xx.o(.text.SystemInit)
    __arm_cp.0_0                             0x08001a30   Number         4  system_stm32f1xx.o(.text.SystemInit)
    __arm_cp.0_1                             0x08001a34   Number         4  system_stm32f1xx.o(.text.SystemInit)
    __arm_cp.0_2                             0x08001a38   Number         4  system_stm32f1xx.o(.text.SystemInit)
    __arm_cp.0_3                             0x08001a3c   Number         4  system_stm32f1xx.o(.text.SystemInit)
    [Anonymous Symbol]                       0x08001a40   Section        0  stm32f1xx_it.o(.text.UsageFault_Handler)
    [Anonymous Symbol]                       0x08001a42   Section        0  main.o(.text._Z18SystemClock_Configv)
    [Anonymous Symbol]                       0x08001a80   Section        0  lcd.o(.text._ZN5MyLCD10lowerWriteEv)
    [Anonymous Symbol]                       0x08001afa   Section        0  lcd.o(.text._ZN5MyLCD10upperWriteEv)
    [Anonymous Symbol]                       0x08001b6c   Section        0  lcd.o(.text._ZN5MyLCD11defineGraphEPca)
    __arm_cp.21_0                            0x08001bc4   Number         4  lcd.o(.text._ZN5MyLCD11defineGraphEPca)
    [Anonymous Symbol]                       0x08001bc8   Section        0  lcd.o(.text._ZN5MyLCD11printStringEPch)
    [Anonymous Symbol]                       0x08001be8   Section        0  lcd.o(.text._ZN5MyLCD15GPIO_Pin_OutputEP12GPIO_TypeDefh)
    [Anonymous Symbol]                       0x08001c36   Section        0  lcd.o(.text._ZN5MyLCD4dataEv)
    [Anonymous Symbol]                       0x08001c4c   Section        0  main.o(.text._ZN5MyLCD4homeEv)
    [Anonymous Symbol]                       0x08001c68   Section        0  lcd.o(.text._ZN5MyLCD4initEhbbb)
    __arm_cp.15_0                            0x08001ce8   Number         4  lcd.o(.text._ZN5MyLCD4initEhbbb)
    [Anonymous Symbol]                       0x08001cec   Section        0  lcd.o(.text._ZN5MyLCD4sendEv)
    [Anonymous Symbol]                       0x08001d90   Section        0  main.o(.text._ZN5MyLCD5clearEv)
    [Anonymous Symbol]                       0x08001dac   Section        0  lcd.o(.text._ZN5MyLCD5printEPKcz)
    __arm_cp.14_0                            0x08001dd4   Number         4  lcd.o(.text._ZN5MyLCD5printEPKcz)
    [Anonymous Symbol]                       0x08001dd8   Section        0  main.o(.text._ZN5MyLCD5printEc)
    [Anonymous Symbol]                       0x08001dee   Section        0  lcd.o(.text._ZN5MyLCD5shiftEhhs)
    [Anonymous Symbol]                       0x08001e34   Section        0  main.o(.text._ZN5MyLCD6shiftLEhs)
    [Anonymous Symbol]                       0x08001e3e   Section        0  main.o(.text._ZN5MyLCD6shiftREhs)
    [Anonymous Symbol]                       0x08001e48   Section        0  lcd.o(.text._ZN5MyLCD7commandEv)
    [Anonymous Symbol]                       0x08001e60   Section        0  lcd.o(.text._ZN5MyLCD9fullWriteEv)
    [Anonymous Symbol]                       0x08001e72   Section        0  lcd.o(.text._ZN5MyLCD9setCursorEbh)
    [Anonymous Symbol]                       0x08001e92   Section        0  lcd.o(.text._ZN5MyLCD9writeCharEc)
    [Anonymous Symbol]                       0x08001ef8   Section        0  lcd.o(.text._ZN5MyLCDC2Echhhhhh)
    __arm_cp.0_0                             0x08001fd8   Number         4  lcd.o(.text._ZN5MyLCDC2Echhhhhh)
    __arm_cp.0_1                             0x08001fdc   Number         4  lcd.o(.text._ZN5MyLCDC2Echhhhhh)
    __arm_cp.0_2                             0x08001fe0   Number         4  lcd.o(.text._ZN5MyLCDC2Echhhhhh)
    [Anonymous Symbol]                       0x08001fe4   Section        0  main.o(.text.main)
    __arm_cp.0_0                             0x080020e8   Number         4  main.o(.text.main)
    __arm_cp.0_1                             0x080020ec   Number         4  main.o(.text.main)
    __arm_cp.0_2                             0x080020f0   Number         4  main.o(.text.main)
    __arm_cp.0_3                             0x080020f4   Number         4  main.o(.text.main)
    __arm_cp.0_4                             0x080020f8   Number         4  main.o(.text.main)
    __arm_cp.0_5                             0x080020fc   Number         4  main.o(.text.main)
    CL$$btod_d2e                             0x08002124   Section       62  btod.o(CL$$btod_d2e)
    CL$$btod_d2e_denorm_low                  0x08002162   Section       70  btod.o(CL$$btod_d2e_denorm_low)
    CL$$btod_d2e_norm_op1                    0x080021a8   Section       96  btod.o(CL$$btod_d2e_norm_op1)
    CL$$btod_div_common                      0x08002208   Section      824  btod.o(CL$$btod_div_common)
    CL$$btod_e2e                             0x08002540   Section      220  btod.o(CL$$btod_e2e)
    CL$$btod_ediv                            0x0800261c   Section       42  btod.o(CL$$btod_ediv)
    CL$$btod_emul                            0x08002646   Section       42  btod.o(CL$$btod_emul)
    CL$$btod_mult_common                     0x08002670   Section      580  btod.o(CL$$btod_mult_common)
    i.__ARM_fpclassify                       0x080028b4   Section        0  fpclassify.o(i.__ARM_fpclassify)
    i._is_digit                              0x080028dc   Section        0  __printf_wp.o(i._is_digit)
    locale$$code                             0x080028ec   Section       44  lc_numeric_c.o(locale$$code)
    locale$$code                             0x08002918   Section       44  lc_ctype_c.o(locale$$code)
    x$fpl$printf1                            0x08002944   Section        4  printf1.o(x$fpl$printf1)
    x$fpl$printf2                            0x08002948   Section        4  printf2.o(x$fpl$printf2)
    initial_mbstate                          0x0800294c   Data           8  _printf_wctomb.o(.constdata)
    .constdata                               0x0800294c   Section        8  _printf_wctomb.o(.constdata)
    x$fpl$usenofp                            0x0800294c   Section        0  usenofp.o(x$fpl$usenofp)
    uc_hextab                                0x08002954   Data          20  _printf_hex_int_ll_ptr.o(.constdata)
    .constdata                               0x08002954   Section       40  _printf_hex_int_ll_ptr.o(.constdata)
    lc_hextab                                0x08002968   Data          20  _printf_hex_int_ll_ptr.o(.constdata)
    maptable                                 0x0800297c   Data          17  __printf_flags_ss_wp.o(.constdata)
    .constdata                               0x0800297c   Section       17  __printf_flags_ss_wp.o(.constdata)
    lc_hextab                                0x0800298d   Data          19  _printf_fp_hex.o(.constdata)
    .constdata                               0x0800298d   Section       38  _printf_fp_hex.o(.constdata)
    uc_hextab                                0x080029a0   Data          19  _printf_fp_hex.o(.constdata)
    tenpwrs_x                                0x080029b4   Data          60  bigflt0.o(.constdata)
    .constdata                               0x080029b4   Section      148  bigflt0.o(.constdata)
    tenpwrs_i                                0x080029f0   Data          64  bigflt0.o(.constdata)
    locale$$data                             0x08002a78   Section       28  lc_numeric_c.o(locale$$data)
    __lcnum_c_name                           0x08002a7c   Data           2  lc_numeric_c.o(locale$$data)
    __lcnum_c_start                          0x08002a84   Data           0  lc_numeric_c.o(locale$$data)
    __lcnum_c_point                          0x08002a90   Data           0  lc_numeric_c.o(locale$$data)
    __lcnum_c_thousands                      0x08002a92   Data           0  lc_numeric_c.o(locale$$data)
    __lcnum_c_grouping                       0x08002a93   Data           0  lc_numeric_c.o(locale$$data)
    __lcnum_c_end                            0x08002a94   Data           0  lc_numeric_c.o(locale$$data)
    locale$$data                             0x08002a94   Section      272  lc_ctype_c.o(locale$$data)
    __lcctype_c_name                         0x08002a98   Data           2  lc_ctype_c.o(locale$$data)
    __lcctype_c_start                        0x08002aa0   Data           0  lc_ctype_c.o(locale$$data)
    __lcctype_c_end                          0x08002ba4   Data           0  lc_ctype_c.o(locale$$data)
    [Anonymous Symbol]                       0x20000000   Section        0  stm32f1xx_hal.o(.data..L_MergedGlobals)
    MyLCD::defineGraph(char*, signed char)::idx 0x2000000c   Data           1  lcd.o(.data._ZZN5MyLCD11defineGraphEPcaE3idx)
    [Anonymous Symbol]                       0x2000000c   Section        0  lcd.o(.data._ZZN5MyLCD11defineGraphEPcaE3idx)
    .bss                                     0x20000010   Section       96  libspace.o(.bss)
    Heap_Mem                                 0x200000a0   Data         512  startup_stm32f103xb.o(HEAP)
    HEAP                                     0x200000a0   Section      512  startup_stm32f103xb.o(HEAP)
    Stack_Mem                                0x200002a0   Data        1024  startup_stm32f103xb.o(STACK)
    STACK                                    0x200002a0   Section     1024  startup_stm32f103xb.o(STACK)
    __initial_sp                             0x200006a0   Data           0  startup_stm32f103xb.o(STACK)

    Global Symbols

    Symbol Name                              Value     Ov Type        Size  Object(Section)

    BuildAttributes$$THM_ISAv4$P$D$K$B$S$PE$A:L22UL41UL21$X:L11$S22US41US21$IEEE1$IW$~IW$USESV6$~STKCKD$USESV7$~SHL$OTIME$ROPI$IEEEJ$EBA8$UX$STANDARDLIB$REQ8$EABIv2 0x00000000   Number         0  anon$$obj.o ABSOLUTE
    _printf_flags                            0x00000000   Number         0  printf_stubs.o ABSOLUTE
    _printf_return_value                     0x00000000   Number         0  printf_stubs.o ABSOLUTE
    _printf_sizespec                         0x00000000   Number         0  printf_stubs.o ABSOLUTE
    _printf_widthprec                        0x00000000   Number         0  printf_stubs.o ABSOLUTE
    SHT$$ARM_EXIDX$$Base                      - Undefined Reference
    SHT$$ARM_EXIDX$$Limit                     - Undefined Reference
    __ARM_exceptions_init                     - Undefined Weak Reference
    __alloca_initialize                       - Undefined Weak Reference
    __arm_preinit_                            - Undefined Weak Reference
    __cpp_initialize__aeabi_                  - Undefined Weak Reference
    __cxa_finalize                            - Undefined Weak Reference
    __sigvec_lookup                           - Undefined Weak Reference
    _atexit_init                              - Undefined Weak Reference
    _call_atexit_fns                          - Undefined Weak Reference
    _clock_init                               - Undefined Weak Reference
    _fp_trap_init                             - Undefined Weak Reference
    _fp_trap_shutdown                         - Undefined Weak Reference
    _get_lc_collate                           - Undefined Weak Reference
    _get_lc_monetary                          - Undefined Weak Reference
    _get_lc_time                              - Undefined Weak Reference
    _getenv_init                              - Undefined Weak Reference
    _handle_redirection                       - Undefined Weak Reference
    _init_alloc                               - Undefined Weak Reference
    _init_user_alloc                          - Undefined Weak Reference
    _initio                                   - Undefined Weak Reference
    _printf_mbtowc                            - Undefined Weak Reference
    _printf_wc                                - Undefined Weak Reference
    _rand_init                                - Undefined Weak Reference
    _signal_finish                            - Undefined Weak Reference
    _signal_init                              - Undefined Weak Reference
    _terminate_alloc                          - Undefined Weak Reference
    _terminate_user_alloc                     - Undefined Weak Reference
    _terminateio                              - Undefined Weak Reference
    __Vectors_Size                           0x000000ec   Number         0  startup_stm32f103xb.o ABSOLUTE
    __Vectors                                0x08000000   Data           4  startup_stm32f103xb.o(RESET)
    __Vectors_End                            0x080000ec   Data           0  startup_stm32f103xb.o(RESET)
    __main                                   0x080000ed   Thumb Code     8  __main.o(!!!main)
    __scatterload                            0x080000f5   Thumb Code     0  __scatter.o(!!!scatter)
    __scatterload_rt2                        0x080000f5   Thumb Code    44  __scatter.o(!!!scatter)
    __scatterload_rt2_thumb_only             0x080000f5   Thumb Code     0  __scatter.o(!!!scatter)
    __scatterload_null                       0x08000103   Thumb Code     0  __scatter.o(!!!scatter)
    __scatterload_copy                       0x08000129   Thumb Code    26  __scatter_copy.o(!!handler_copy)
    __scatterload_zeroinit                   0x08000145   Thumb Code    28  __scatter_zi.o(!!handler_zi)
    _printf_n                                0x08000161   Thumb Code     0  _printf_n.o(.ARM.Collect$$_printf_percent$$00000001)
    _printf_percent                          0x08000161   Thumb Code     0  _printf_percent.o(.ARM.Collect$$_printf_percent$$00000000)
    _printf_p                                0x08000167   Thumb Code     0  _printf_p.o(.ARM.Collect$$_printf_percent$$00000002)
    _printf_f                                0x0800016d   Thumb Code     0  _printf_f.o(.ARM.Collect$$_printf_percent$$00000003)
    _printf_e                                0x08000173   Thumb Code     0  _printf_e.o(.ARM.Collect$$_printf_percent$$00000004)
    _printf_g                                0x08000179   Thumb Code     0  _printf_g.o(.ARM.Collect$$_printf_percent$$00000005)
    _printf_a                                0x0800017f   Thumb Code     0  _printf_a.o(.ARM.Collect$$_printf_percent$$00000006)
    _printf_ll                               0x08000185   Thumb Code     0  _printf_ll.o(.ARM.Collect$$_printf_percent$$00000007)
    _printf_i                                0x0800018f   Thumb Code     0  _printf_i.o(.ARM.Collect$$_printf_percent$$00000008)
    _printf_d                                0x08000195   Thumb Code     0  _printf_d.o(.ARM.Collect$$_printf_percent$$00000009)
    _printf_u                                0x0800019b   Thumb Code     0  _printf_u.o(.ARM.Collect$$_printf_percent$$0000000A)
    _printf_o                                0x080001a1   Thumb Code     0  _printf_o.o(.ARM.Collect$$_printf_percent$$0000000B)
    _printf_x                                0x080001a7   Thumb Code     0  _printf_x.o(.ARM.Collect$$_printf_percent$$0000000C)
    _printf_lli                              0x080001ad   Thumb Code     0  _printf_lli.o(.ARM.Collect$$_printf_percent$$0000000D)
    _printf_lld                              0x080001b3   Thumb Code     0  _printf_lld.o(.ARM.Collect$$_printf_percent$$0000000E)
    _printf_llu                              0x080001b9   Thumb Code     0  _printf_llu.o(.ARM.Collect$$_printf_percent$$0000000F)
    _printf_llo                              0x080001bf   Thumb Code     0  _printf_llo.o(.ARM.Collect$$_printf_percent$$00000010)
    _printf_llx                              0x080001c5   Thumb Code     0  _printf_llx.o(.ARM.Collect$$_printf_percent$$00000011)
    _printf_l                                0x080001cb   Thumb Code     0  _printf_l.o(.ARM.Collect$$_printf_percent$$00000012)
    _printf_c                                0x080001d5   Thumb Code     0  _printf_c.o(.ARM.Collect$$_printf_percent$$00000013)
    _printf_s                                0x080001db   Thumb Code     0  _printf_s.o(.ARM.Collect$$_printf_percent$$00000014)
    _printf_lc                               0x080001e1   Thumb Code     0  _printf_lc.o(.ARM.Collect$$_printf_percent$$00000015)
    _printf_ls                               0x080001e7   Thumb Code     0  _printf_ls.o(.ARM.Collect$$_printf_percent$$00000016)
    _printf_percent_end                      0x080001ed   Thumb Code     0  _printf_percent_end.o(.ARM.Collect$$_printf_percent$$00000017)
    __rt_lib_init                            0x080001f1   Thumb Code     0  libinit.o(.ARM.Collect$$libinit$$00000000)
    __rt_lib_init_fp_1                       0x080001f3   Thumb Code     0  libinit2.o(.ARM.Collect$$libinit$$00000002)
    __rt_lib_init_heap_1                     0x080001f3   Thumb Code     0  libinit2.o(.ARM.Collect$$libinit$$0000000A)
    __rt_lib_init_lc_common                  0x080001f3   Thumb Code     0  libinit2.o(.ARM.Collect$$libinit$$0000000F)
    __rt_lib_init_preinit_1                  0x080001f3   Thumb Code     0  libinit2.o(.ARM.Collect$$libinit$$00000004)
    __rt_lib_init_rand_1                     0x080001f3   Thumb Code     0  libinit2.o(.ARM.Collect$$libinit$$0000000E)
    __rt_lib_init_user_alloc_1               0x080001f3   Thumb Code     0  libinit2.o(.ARM.Collect$$libinit$$0000000C)
    __rt_lib_init_lc_collate_1               0x080001f9   Thumb Code     0  libinit2.o(.ARM.Collect$$libinit$$00000011)
    __rt_lib_init_lc_ctype_2                 0x080001f9   Thumb Code     0  libinit2.o(.ARM.Collect$$libinit$$00000012)
    __rt_lib_init_lc_ctype_1                 0x08000205   Thumb Code     0  libinit2.o(.ARM.Collect$$libinit$$00000013)
    __rt_lib_init_lc_monetary_1              0x08000205   Thumb Code     0  libinit2.o(.ARM.Collect$$libinit$$00000015)
    __rt_lib_init_lc_numeric_2               0x08000205   Thumb Code     0  libinit2.o(.ARM.Collect$$libinit$$00000016)
    __rt_lib_init_alloca_1                   0x0800020f   Thumb Code     0  libinit2.o(.ARM.Collect$$libinit$$0000002E)
    __rt_lib_init_argv_1                     0x0800020f   Thumb Code     0  libinit2.o(.ARM.Collect$$libinit$$0000002C)
    __rt_lib_init_atexit_1                   0x0800020f   Thumb Code     0  libinit2.o(.ARM.Collect$$libinit$$0000001B)
    __rt_lib_init_clock_1                    0x0800020f   Thumb Code     0  libinit2.o(.ARM.Collect$$libinit$$00000021)
    __rt_lib_init_cpp_1                      0x0800020f   Thumb Code     0  libinit2.o(.ARM.Collect$$libinit$$00000032)
    __rt_lib_init_exceptions_1               0x0800020f   Thumb Code     0  libinit2.o(.ARM.Collect$$libinit$$00000030)
    __rt_lib_init_fp_trap_1                  0x0800020f   Thumb Code     0  libinit2.o(.ARM.Collect$$libinit$$0000001F)
    __rt_lib_init_getenv_1                   0x0800020f   Thumb Code     0  libinit2.o(.ARM.Collect$$libinit$$00000023)
    __rt_lib_init_lc_numeric_1               0x0800020f   Thumb Code     0  libinit2.o(.ARM.Collect$$libinit$$00000017)
    __rt_lib_init_lc_time_1                  0x0800020f   Thumb Code     0  libinit2.o(.ARM.Collect$$libinit$$00000019)
    __rt_lib_init_return                     0x0800020f   Thumb Code     0  libinit2.o(.ARM.Collect$$libinit$$00000033)
    __rt_lib_init_signal_1                   0x0800020f   Thumb Code     0  libinit2.o(.ARM.Collect$$libinit$$0000001D)
    __rt_lib_init_stdio_1                    0x0800020f   Thumb Code     0  libinit2.o(.ARM.Collect$$libinit$$00000025)
    __rt_lib_shutdown                        0x08000211   Thumb Code     0  libshutdown.o(.ARM.Collect$$libshutdown$$00000000)
    __rt_lib_shutdown_cpp_1                  0x08000213   Thumb Code     0  libshutdown2.o(.ARM.Collect$$libshutdown$$00000002)
    __rt_lib_shutdown_fp_trap_1              0x08000213   Thumb Code     0  libshutdown2.o(.ARM.Collect$$libshutdown$$00000007)
    __rt_lib_shutdown_heap_1                 0x08000213   Thumb Code     0  libshutdown2.o(.ARM.Collect$$libshutdown$$0000000F)
    __rt_lib_shutdown_return                 0x08000213   Thumb Code     0  libshutdown2.o(.ARM.Collect$$libshutdown$$00000010)
    __rt_lib_shutdown_signal_1               0x08000213   Thumb Code     0  libshutdown2.o(.ARM.Collect$$libshutdown$$0000000A)
    __rt_lib_shutdown_stdio_1                0x08000213   Thumb Code     0  libshutdown2.o(.ARM.Collect$$libshutdown$$00000004)
    __rt_lib_shutdown_user_alloc_1           0x08000213   Thumb Code     0  libshutdown2.o(.ARM.Collect$$libshutdown$$0000000C)
    __rt_entry                               0x08000215   Thumb Code     0  __rtentry.o(.ARM.Collect$$rtentry$$00000000)
    __rt_entry_presh_1                       0x08000215   Thumb Code     0  __rtentry2.o(.ARM.Collect$$rtentry$$00000002)
    __rt_entry_sh                            0x08000215   Thumb Code     0  __rtentry4.o(.ARM.Collect$$rtentry$$00000004)
    __rt_entry_li                            0x0800021b   Thumb Code     0  __rtentry2.o(.ARM.Collect$$rtentry$$0000000A)
    __rt_entry_postsh_1                      0x0800021b   Thumb Code     0  __rtentry2.o(.ARM.Collect$$rtentry$$00000009)
    __rt_entry_main                          0x0800021f   Thumb Code     0  __rtentry2.o(.ARM.Collect$$rtentry$$0000000D)
    __rt_entry_postli_1                      0x0800021f   Thumb Code     0  __rtentry2.o(.ARM.Collect$$rtentry$$0000000C)
    __rt_exit                                0x08000227   Thumb Code     0  rtexit.o(.ARM.Collect$$rtexit$$00000000)
    __rt_exit_ls                             0x08000229   Thumb Code     0  rtexit2.o(.ARM.Collect$$rtexit$$00000003)
    __rt_exit_prels_1                        0x08000229   Thumb Code     0  rtexit2.o(.ARM.Collect$$rtexit$$00000002)
    __rt_exit_exit                           0x0800022d   Thumb Code     0  rtexit2.o(.ARM.Collect$$rtexit$$00000004)
    Reset_Handler                            0x08000235   Thumb Code     8  startup_stm32f103xb.o(.text)
    ADC1_2_IRQHandler                        0x0800024f   Thumb Code     0  startup_stm32f103xb.o(.text)
    CAN1_RX1_IRQHandler                      0x0800024f   Thumb Code     0  startup_stm32f103xb.o(.text)
    CAN1_SCE_IRQHandler                      0x0800024f   Thumb Code     0  startup_stm32f103xb.o(.text)
    DMA1_Channel1_IRQHandler                 0x0800024f   Thumb Code     0  startup_stm32f103xb.o(.text)
    DMA1_Channel2_IRQHandler                 0x0800024f   Thumb Code     0  startup_stm32f103xb.o(.text)
    DMA1_Channel3_IRQHandler                 0x0800024f   Thumb Code     0  startup_stm32f103xb.o(.text)
    DMA1_Channel4_IRQHandler                 0x0800024f   Thumb Code     0  startup_stm32f103xb.o(.text)
    DMA1_Channel5_IRQHandler                 0x0800024f   Thumb Code     0  startup_stm32f103xb.o(.text)
    DMA1_Channel6_IRQHandler                 0x0800024f   Thumb Code     0  startup_stm32f103xb.o(.text)
    DMA1_Channel7_IRQHandler                 0x0800024f   Thumb Code     0  startup_stm32f103xb.o(.text)
    EXTI0_IRQHandler                         0x0800024f   Thumb Code     0  startup_stm32f103xb.o(.text)
    EXTI15_10_IRQHandler                     0x0800024f   Thumb Code     0  startup_stm32f103xb.o(.text)
    EXTI1_IRQHandler                         0x0800024f   Thumb Code     0  startup_stm32f103xb.o(.text)
    EXTI2_IRQHandler                         0x0800024f   Thumb Code     0  startup_stm32f103xb.o(.text)
    EXTI3_IRQHandler                         0x0800024f   Thumb Code     0  startup_stm32f103xb.o(.text)
    EXTI4_IRQHandler                         0x0800024f   Thumb Code     0  startup_stm32f103xb.o(.text)
    EXTI9_5_IRQHandler                       0x0800024f   Thumb Code     0  startup_stm32f103xb.o(.text)
    FLASH_IRQHandler                         0x0800024f   Thumb Code     0  startup_stm32f103xb.o(.text)
    I2C1_ER_IRQHandler                       0x0800024f   Thumb Code     0  startup_stm32f103xb.o(.text)
    I2C1_EV_IRQHandler                       0x0800024f   Thumb Code     0  startup_stm32f103xb.o(.text)
    I2C2_ER_IRQHandler                       0x0800024f   Thumb Code     0  startup_stm32f103xb.o(.text)
    I2C2_EV_IRQHandler                       0x0800024f   Thumb Code     0  startup_stm32f103xb.o(.text)
    PVD_IRQHandler                           0x0800024f   Thumb Code     0  startup_stm32f103xb.o(.text)
    RCC_IRQHandler                           0x0800024f   Thumb Code     0  startup_stm32f103xb.o(.text)
    RTC_Alarm_IRQHandler                     0x0800024f   Thumb Code     0  startup_stm32f103xb.o(.text)
    RTC_IRQHandler                           0x0800024f   Thumb Code     0  startup_stm32f103xb.o(.text)
    SPI1_IRQHandler                          0x0800024f   Thumb Code     0  startup_stm32f103xb.o(.text)
    SPI2_IRQHandler                          0x0800024f   Thumb Code     0  startup_stm32f103xb.o(.text)
    TAMPER_IRQHandler                        0x0800024f   Thumb Code     0  startup_stm32f103xb.o(.text)
    TIM1_BRK_IRQHandler                      0x0800024f   Thumb Code     0  startup_stm32f103xb.o(.text)
    TIM1_CC_IRQHandler                       0x0800024f   Thumb Code     0  startup_stm32f103xb.o(.text)
    TIM1_TRG_COM_IRQHandler                  0x0800024f   Thumb Code     0  startup_stm32f103xb.o(.text)
    TIM1_UP_IRQHandler                       0x0800024f   Thumb Code     0  startup_stm32f103xb.o(.text)
    TIM2_IRQHandler                          0x0800024f   Thumb Code     0  startup_stm32f103xb.o(.text)
    TIM3_IRQHandler                          0x0800024f   Thumb Code     0  startup_stm32f103xb.o(.text)
    TIM4_IRQHandler                          0x0800024f   Thumb Code     0  startup_stm32f103xb.o(.text)
    USART1_IRQHandler                        0x0800024f   Thumb Code     0  startup_stm32f103xb.o(.text)
    USART2_IRQHandler                        0x0800024f   Thumb Code     0  startup_stm32f103xb.o(.text)
    USART3_IRQHandler                        0x0800024f   Thumb Code     0  startup_stm32f103xb.o(.text)
    USBWakeUp_IRQHandler                     0x0800024f   Thumb Code     0  startup_stm32f103xb.o(.text)
    USB_HP_CAN1_TX_IRQHandler                0x0800024f   Thumb Code     0  startup_stm32f103xb.o(.text)
    USB_LP_CAN1_RX0_IRQHandler               0x0800024f   Thumb Code     0  startup_stm32f103xb.o(.text)
    WWDG_IRQHandler                          0x0800024f   Thumb Code     0  startup_stm32f103xb.o(.text)
    __user_initial_stackheap                 0x08000251   Thumb Code     0  startup_stm32f103xb.o(.text)
    vsprintf                                 0x08000275   Thumb Code    32  vsprintf.o(.text)
    __aeabi_memclr4                          0x08000299   Thumb Code     0  rt_memclr_w.o(.text)
    __aeabi_memclr8                          0x08000299   Thumb Code     0  rt_memclr_w.o(.text)
    __rt_memclr_w                            0x08000299   Thumb Code    78  rt_memclr_w.o(.text)
    _memset_w                                0x0800029d   Thumb Code     0  rt_memclr_w.o(.text)
    __use_two_region_memory                  0x080002e7   Thumb Code     2  heapauxi.o(.text)
    __rt_heap_escrow$2region                 0x080002e9   Thumb Code     2  heapauxi.o(.text)
    __rt_heap_expand$2region                 0x080002eb   Thumb Code     2  heapauxi.o(.text)
    _printf_pre_padding                      0x080002ed   Thumb Code    44  _printf_pad.o(.text)
    _printf_post_padding                     0x08000319   Thumb Code    34  _printf_pad.o(.text)
    _printf_truncate_signed                  0x0800033b   Thumb Code    18  _printf_truncate.o(.text)
    _printf_truncate_unsigned                0x0800034d   Thumb Code    18  _printf_truncate.o(.text)
    _printf_str                              0x0800035f   Thumb Code    82  _printf_str.o(.text)
    _printf_int_dec                          0x080003b1   Thumb Code   104  _printf_dec.o(.text)
    _printf_charcount                        0x08000429   Thumb Code    40  _printf_charcount.o(.text)
    _printf_char_common                      0x0800045b   Thumb Code    32  _printf_char_common.o(.text)
    _sputc                                   0x08000481   Thumb Code    10  _sputc.o(.text)
    _printf_wctomb                           0x0800048d   Thumb Code   182  _printf_wctomb.o(.text)
    _printf_longlong_dec                     0x08000549   Thumb Code   108  _printf_longlong_dec.o(.text)
    _printf_longlong_oct                     0x080005c5   Thumb Code    68  _printf_oct_int_ll.o(.text)
    _printf_int_oct                          0x08000609   Thumb Code    24  _printf_oct_int_ll.o(.text)
    _printf_ll_oct                           0x08000621   Thumb Code    12  _printf_oct_int_ll.o(.text)
    _printf_longlong_hex                     0x08000635   Thumb Code    86  _printf_hex_int_ll_ptr.o(.text)
    _printf_int_hex                          0x0800068b   Thumb Code    28  _printf_hex_int_ll_ptr.o(.text)
    _printf_ll_hex                           0x080006a7   Thumb Code    12  _printf_hex_int_ll_ptr.o(.text)
    _printf_hex_ptr                          0x080006b3   Thumb Code    18  _printf_hex_int_ll_ptr.o(.text)
    __printf                                 0x080006c9   Thumb Code   388  __printf_flags_ss_wp.o(.text)
    _sys_exit                                0x08000851   Thumb Code     8  sys_exit.o(.text)
    _ll_udiv10                               0x0800085d   Thumb Code   138  lludiv10.o(.text)
    _printf_int_common                       0x080008e7   Thumb Code   178  _printf_intcommon.o(.text)
    _printf_fp_dec_real                      0x08000b49   Thumb Code   620  _printf_fp_dec.o(.text)
    _printf_fp_hex_real                      0x08000db5   Thumb Code   756  _printf_fp_hex.o(.text)
    _printf_cs_common                        0x080010b1   Thumb Code    20  _printf_char.o(.text)
    _printf_char                             0x080010c5   Thumb Code    16  _printf_char.o(.text)
    _printf_string                           0x080010d5   Thumb Code     8  _printf_char.o(.text)
    _printf_lcs_common                       0x080010dd   Thumb Code    20  _printf_wchar.o(.text)
    _printf_wchar                            0x080010f1   Thumb Code    16  _printf_wchar.o(.text)
    _printf_wstring                          0x08001101   Thumb Code     8  _printf_wchar.o(.text)
    _c16rtomb                                0x08001109   Thumb Code    72  _c16rtomb.o(.text)
    _wcrtomb                                 0x08001109   Thumb Code     0  _c16rtomb.o(.text)
    __I$use$semihosting                      0x08001151   Thumb Code     0  use_no_semi.o(.text)
    __use_no_semihosting_swi                 0x08001151   Thumb Code     2  use_no_semi.o(.text)
    __semihosting_library_function           0x08001153   Thumb Code     0  indicate_semi.o(.text)
    __user_setup_stackheap                   0x08001153   Thumb Code    74  sys_stackheap_outer.o(.text)
    __rt_ctype_table                         0x0800119d   Thumb Code    16  rt_ctype_table.o(.text)
    __rt_locale                              0x080011ad   Thumb Code     8  rt_locale_intlibspace.o(.text)
    _printf_fp_infnan                        0x080011b5   Thumb Code   112  _printf_fp_infnan.o(.text)
    _btod_etento                             0x08001235   Thumb Code   224  bigflt0.o(.text)
    exit                                     0x08001319   Thumb Code    18  exit.o(.text)
    __user_libspace                          0x0800132d   Thumb Code     8  libspace.o(.text)
    __user_perproc_libspace                  0x0800132d   Thumb Code     0  libspace.o(.text)
    __user_perthread_libspace                0x0800132d   Thumb Code     0  libspace.o(.text)
    strcmp                                   0x08001335   Thumb Code   128  strcmpv7m.o(.text)
    BusFault_Handler                         0x080013b5   Thumb Code     2  stm32f1xx_it.o(.text.BusFault_Handler)
    DebugMon_Handler                         0x080013b7   Thumb Code     2  stm32f1xx_it.o(.text.DebugMon_Handler)
    HAL_Delay                                0x080013b9   Thumb Code    36  stm32f1xx_hal.o(.text.HAL_Delay)
    HAL_GetTick                              0x080013d9   Thumb Code    12  stm32f1xx_hal.o(.text.HAL_GetTick)
    HAL_IncTick                              0x080013e1   Thumb Code    24  stm32f1xx_hal.o(.text.HAL_IncTick)
    HAL_Init                                 0x080013f5   Thumb Code    36  stm32f1xx_hal.o(.text.HAL_Init)
    HAL_InitTick                             0x08001415   Thumb Code    64  stm32f1xx_hal.o(.text.HAL_InitTick)
    HAL_MspInit                              0x08001451   Thumb Code    64  stm32f1xx_hal_msp.o(.text.HAL_MspInit)
    HAL_NVIC_SetPriority                     0x08001491   Thumb Code    64  stm32f1xx_hal_cortex.o(.text.HAL_NVIC_SetPriority)
    HAL_NVIC_SetPriorityGrouping             0x080014cd   Thumb Code    32  stm32f1xx_hal_cortex.o(.text.HAL_NVIC_SetPriorityGrouping)
    HAL_RCC_ClockConfig                      0x080014ed   Thumb Code   352  stm32f1xx_hal_rcc.o(.text.HAL_RCC_ClockConfig)
    HAL_RCC_GetSysClockFreq                  0x08001649   Thumb Code    88  stm32f1xx_hal_rcc.o(.text.HAL_RCC_GetSysClockFreq)
    HAL_RCC_OscConfig                        0x080016a1   Thumb Code   764  stm32f1xx_hal_rcc.o(.text.HAL_RCC_OscConfig)
    HAL_SYSTICK_Config                       0x08001999   Thumb Code    40  stm32f1xx_hal_cortex.o(.text.HAL_SYSTICK_Config)
    HardFault_Handler                        0x080019c1   Thumb Code     2  stm32f1xx_it.o(.text.HardFault_Handler)
    MemManage_Handler                        0x080019c3   Thumb Code     2  stm32f1xx_it.o(.text.MemManage_Handler)
    NMI_Handler                              0x080019c5   Thumb Code     2  stm32f1xx_it.o(.text.NMI_Handler)
    PendSV_Handler                           0x080019ed   Thumb Code     2  stm32f1xx_it.o(.text.PendSV_Handler)
    SVC_Handler                              0x080019ef   Thumb Code     2  stm32f1xx_it.o(.text.SVC_Handler)
    SysTick_Handler                          0x080019f1   Thumb Code     4  stm32f1xx_it.o(.text.SysTick_Handler)
    SystemInit                               0x080019f5   Thumb Code    76  system_stm32f1xx.o(.text.SystemInit)
    UsageFault_Handler                       0x08001a41   Thumb Code     2  stm32f1xx_it.o(.text.UsageFault_Handler)
    SystemClock_Config()                     0x08001a43   Thumb Code    62  main.o(.text._Z18SystemClock_Configv)
    MyLCD::lowerWrite()                      0x08001a81   Thumb Code   122  lcd.o(.text._ZN5MyLCD10lowerWriteEv)
    MyLCD::upperWrite()                      0x08001afb   Thumb Code   114  lcd.o(.text._ZN5MyLCD10upperWriteEv)
    MyLCD::defineGraph(char*, signed char)   0x08001b6d   Thumb Code    92  lcd.o(.text._ZN5MyLCD11defineGraphEPca)
    MyLCD::printString(char*, unsigned char) 0x08001bc9   Thumb Code    32  lcd.o(.text._ZN5MyLCD11printStringEPch)
    MyLCD::GPIO_Pin_Output(GPIO_TypeDef*, unsigned char) 0x08001be9   Thumb Code    78  lcd.o(.text._ZN5MyLCD15GPIO_Pin_OutputEP12GPIO_TypeDefh)
    MyLCD::data()                            0x08001c37   Thumb Code    22  lcd.o(.text._ZN5MyLCD4dataEv)
    MyLCD::home()                            0x08001c4d   Thumb Code    26  main.o(.text._ZN5MyLCD4homeEv)
    MyLCD::init(unsigned char, bool, bool, bool) 0x08001c69   Thumb Code   132  lcd.o(.text._ZN5MyLCD4initEhbbb)
    MyLCD::send()                            0x08001ced   Thumb Code   164  lcd.o(.text._ZN5MyLCD4sendEv)
    MyLCD::clear()                           0x08001d91   Thumb Code    26  main.o(.text._ZN5MyLCD5clearEv)
    MyLCD::print(const char*, ...)           0x08001dad   Thumb Code    44  lcd.o(.text._ZN5MyLCD5printEPKcz)
    MyLCD::print(char)                       0x08001dd9   Thumb Code    22  main.o(.text._ZN5MyLCD5printEc)
    MyLCD::shift(unsigned char, unsigned char, short) 0x08001def   Thumb Code    70  lcd.o(.text._ZN5MyLCD5shiftEhhs)
    MyLCD::shiftL(unsigned char, short)      0x08001e35   Thumb Code    10  main.o(.text._ZN5MyLCD6shiftLEhs)
    MyLCD::shiftR(unsigned char, short)      0x08001e3f   Thumb Code    10  main.o(.text._ZN5MyLCD6shiftREhs)
    MyLCD::command()                         0x08001e49   Thumb Code    24  lcd.o(.text._ZN5MyLCD7commandEv)
    MyLCD::fullWrite()                       0x08001e61   Thumb Code    18  lcd.o(.text._ZN5MyLCD9fullWriteEv)
    MyLCD::setCursor(bool, unsigned char)    0x08001e73   Thumb Code    32  lcd.o(.text._ZN5MyLCD9setCursorEbh)
    MyLCD::writeChar(char)                   0x08001e93   Thumb Code   100  lcd.o(.text._ZN5MyLCD9writeCharEc)
    MyLCD::MyLCD(char, unsigned char, unsigned char, unsigned char, unsigned char, unsigned char, unsigned char) 0x08001ef9   Thumb Code   236  lcd.o(.text._ZN5MyLCDC2Echhhhhh)
    MyLCD::MyLCD__sub_object(char, unsigned char, unsigned char, unsigned char, unsigned char, unsigned char, unsigned char) 0x08001ef9   Thumb Code   236  lcd.o(.text._ZN5MyLCDC2Echhhhhh)
    main                                     0x08001fe5   Thumb Code   320  main.o(.text.main)
    _btod_d2e                                0x08002125   Thumb Code    62  btod.o(CL$$btod_d2e)
    _d2e_denorm_low                          0x08002163   Thumb Code    70  btod.o(CL$$btod_d2e_denorm_low)
    _d2e_norm_op1                            0x080021a9   Thumb Code    96  btod.o(CL$$btod_d2e_norm_op1)
    __btod_div_common                        0x08002209   Thumb Code   696  btod.o(CL$$btod_div_common)
    _e2e                                     0x08002541   Thumb Code   220  btod.o(CL$$btod_e2e)
    _btod_ediv                               0x0800261d   Thumb Code    42  btod.o(CL$$btod_ediv)
    _btod_emul                               0x08002647   Thumb Code    42  btod.o(CL$$btod_emul)
    __btod_mult_common                       0x08002671   Thumb Code   580  btod.o(CL$$btod_mult_common)
    __ARM_fpclassify                         0x080028b5   Thumb Code    40  fpclassify.o(i.__ARM_fpclassify)
    _is_digit                                0x080028dd   Thumb Code    14  __printf_wp.o(i._is_digit)
    _get_lc_numeric                          0x080028ed   Thumb Code    44  lc_numeric_c.o(locale$$code)
    _get_lc_ctype                            0x08002919   Thumb Code    44  lc_ctype_c.o(locale$$code)
    _printf_fp_dec                           0x08002945   Thumb Code     4  printf1.o(x$fpl$printf1)
    _printf_fp_hex                           0x08002949   Thumb Code     4  printf2.o(x$fpl$printf2)
    __I$use$fp                               0x0800294c   Number         0  usenofp.o(x$fpl$usenofp)
    AHBPrescTable                            0x08002a48   Data          16  system_stm32f1xx.o(.rodata.AHBPrescTable)
    Region$$Table$$Base                      0x08002a58   Number         0  anon$$obj.o(Region$$Table)
    Region$$Table$$Limit                     0x08002a78   Number         0  anon$$obj.o(Region$$Table)
    __ctype                                  0x08002aa1   Data           0  lc_ctype_c.o(locale$$data)
    uwTickFreq                               0x20000000   Data           1  stm32f1xx_hal.o(.data..L_MergedGlobals)
    uwTickPrio                               0x20000004   Data           4  stm32f1xx_hal.o(.data..L_MergedGlobals)
    SystemCoreClock                          0x20000008   Data           4  system_stm32f1xx.o(.data.SystemCoreClock)
    __libspace_start                         0x20000010   Data          96  libspace.o(.bss)
    __temporary_stack_top$libspace           0x20000070   Data           0  libspace.o(.bss)
    buffer                                   0x20000070   Data          40  lcd.o(.bss.buffer)
    uwTick                                   0x20000098   Data           4  stm32f1xx_hal.o(.bss.uwTick)



==============================================================================

Memory Map of the image

  Image Entry point : 0x080000ed

  Load Region LR_IROM1 (Base: 0x08000000, Size: 0x00002bb8, Max: 0x00010000, ABSOLUTE)

    Execution Region ER_IROM1 (Exec base: 0x08000000, Load base: 0x08000000, Size: 0x00002ba4, Max: 0x00010000, ABSOLUTE)

    Exec Addr    Load Addr    Size         Type   Attr      Idx    E Section Name        Object

    0x08000000   0x08000000   0x000000ec   Data   RO            3    RESET               startup_stm32f103xb.o
    0x080000ec   0x080000ec   0x00000008   Code   RO          495  * !!!main             c_w.l(__main.o)
    0x080000f4   0x080000f4   0x00000034   Code   RO          946    !!!scatter          c_w.l(__scatter.o)
    0x08000128   0x08000128   0x0000001a   Code   RO          948    !!handler_copy      c_w.l(__scatter_copy.o)
    0x08000142   0x08000142   0x00000002   PAD
    0x08000144   0x08000144   0x0000001c   Code   RO          950    !!handler_zi        c_w.l(__scatter_zi.o)
    0x08000160   0x08000160   0x00000000   Code   RO          615    .ARM.Collect$$_printf_percent$$00000000  c_w.l(_printf_percent.o)
    0x08000160   0x08000160   0x00000006   Code   RO          604    .ARM.Collect$$_printf_percent$$00000001  c_w.l(_printf_n.o)
    0x08000166   0x08000166   0x00000006   Code   RO          606    .ARM.Collect$$_printf_percent$$00000002  c_w.l(_printf_p.o)
    0x0800016c   0x0800016c   0x00000006   Code   RO          611    .ARM.Collect$$_printf_percent$$00000003  c_w.l(_printf_f.o)
    0x08000172   0x08000172   0x00000006   Code   RO          612    .ARM.Collect$$_printf_percent$$00000004  c_w.l(_printf_e.o)
    0x08000178   0x08000178   0x00000006   Code   RO          613    .ARM.Collect$$_printf_percent$$00000005  c_w.l(_printf_g.o)
    0x0800017e   0x0800017e   0x00000006   Code   RO          614    .ARM.Collect$$_printf_percent$$00000006  c_w.l(_printf_a.o)
    0x08000184   0x08000184   0x0000000a   Code   RO          619    .ARM.Collect$$_printf_percent$$00000007  c_w.l(_printf_ll.o)
    0x0800018e   0x0800018e   0x00000006   Code   RO          608    .ARM.Collect$$_printf_percent$$00000008  c_w.l(_printf_i.o)
    0x08000194   0x08000194   0x00000006   Code   RO          609    .ARM.Collect$$_printf_percent$$00000009  c_w.l(_printf_d.o)
    0x0800019a   0x0800019a   0x00000006   Code   RO          610    .ARM.Collect$$_printf_percent$$0000000A  c_w.l(_printf_u.o)
    0x080001a0   0x080001a0   0x00000006   Code   RO          607    .ARM.Collect$$_printf_percent$$0000000B  c_w.l(_printf_o.o)
    0x080001a6   0x080001a6   0x00000006   Code   RO          605    .ARM.Collect$$_printf_percent$$0000000C  c_w.l(_printf_x.o)
    0x080001ac   0x080001ac   0x00000006   Code   RO          616    .ARM.Collect$$_printf_percent$$0000000D  c_w.l(_printf_lli.o)
    0x080001b2   0x080001b2   0x00000006   Code   RO          617    .ARM.Collect$$_printf_percent$$0000000E  c_w.l(_printf_lld.o)
    0x080001b8   0x080001b8   0x00000006   Code   RO          618    .ARM.Collect$$_printf_percent$$0000000F  c_w.l(_printf_llu.o)
    0x080001be   0x080001be   0x00000006   Code   RO          623    .ARM.Collect$$_printf_percent$$00000010  c_w.l(_printf_llo.o)
    0x080001c4   0x080001c4   0x00000006   Code   RO          624    .ARM.Collect$$_printf_percent$$00000011  c_w.l(_printf_llx.o)
    0x080001ca   0x080001ca   0x0000000a   Code   RO          620    .ARM.Collect$$_printf_percent$$00000012  c_w.l(_printf_l.o)
    0x080001d4   0x080001d4   0x00000006   Code   RO          602    .ARM.Collect$$_printf_percent$$00000013  c_w.l(_printf_c.o)
    0x080001da   0x080001da   0x00000006   Code   RO          603    .ARM.Collect$$_printf_percent$$00000014  c_w.l(_printf_s.o)
    0x080001e0   0x080001e0   0x00000006   Code   RO          621    .ARM.Collect$$_printf_percent$$00000015  c_w.l(_printf_lc.o)
    0x080001e6   0x080001e6   0x00000006   Code   RO          622    .ARM.Collect$$_printf_percent$$00000016  c_w.l(_printf_ls.o)
    0x080001ec   0x080001ec   0x00000004   Code   RO          743    .ARM.Collect$$_printf_percent$$00000017  c_w.l(_printf_percent_end.o)
    0x080001f0   0x080001f0   0x00000002   Code   RO          812    .ARM.Collect$$libinit$$00000000  c_w.l(libinit.o)
    0x080001f2   0x080001f2   0x00000000   Code   RO          835    .ARM.Collect$$libinit$$00000002  c_w.l(libinit2.o)
    0x080001f2   0x080001f2   0x00000000   Code   RO          837    .ARM.Collect$$libinit$$00000004  c_w.l(libinit2.o)
    0x080001f2   0x080001f2   0x00000000   Code   RO          840    .ARM.Collect$$libinit$$0000000A  c_w.l(libinit2.o)
    0x080001f2   0x080001f2   0x00000000   Code   RO          842    .ARM.Collect$$libinit$$0000000C  c_w.l(libinit2.o)
    0x080001f2   0x080001f2   0x00000000   Code   RO          844    .ARM.Collect$$libinit$$0000000E  c_w.l(libinit2.o)
    0x080001f2   0x080001f2   0x00000006   Code   RO          845    .ARM.Collect$$libinit$$0000000F  c_w.l(libinit2.o)
    0x080001f8   0x080001f8   0x00000000   Code   RO          847    .ARM.Collect$$libinit$$00000011  c_w.l(libinit2.o)
    0x080001f8   0x080001f8   0x0000000c   Code   RO          848    .ARM.Collect$$libinit$$00000012  c_w.l(libinit2.o)
    0x08000204   0x08000204   0x00000000   Code   RO          849    .ARM.Collect$$libinit$$00000013  c_w.l(libinit2.o)
    0x08000204   0x08000204   0x00000000   Code   RO          851    .ARM.Collect$$libinit$$00000015  c_w.l(libinit2.o)
    0x08000204   0x08000204   0x0000000a   Code   RO          852    .ARM.Collect$$libinit$$00000016  c_w.l(libinit2.o)
    0x0800020e   0x0800020e   0x00000000   Code   RO          853    .ARM.Collect$$libinit$$00000017  c_w.l(libinit2.o)
    0x0800020e   0x0800020e   0x00000000   Code   RO          855    .ARM.Collect$$libinit$$00000019  c_w.l(libinit2.o)
    0x0800020e   0x0800020e   0x00000000   Code   RO          857    .ARM.Collect$$libinit$$0000001B  c_w.l(libinit2.o)
    0x0800020e   0x0800020e   0x00000000   Code   RO          859    .ARM.Collect$$libinit$$0000001D  c_w.l(libinit2.o)
    0x0800020e   0x0800020e   0x00000000   Code   RO          861    .ARM.Collect$$libinit$$0000001F  c_w.l(libinit2.o)
    0x0800020e   0x0800020e   0x00000000   Code   RO          863    .ARM.Collect$$libinit$$00000021  c_w.l(libinit2.o)
    0x0800020e   0x0800020e   0x00000000   Code   RO          865    .ARM.Collect$$libinit$$00000023  c_w.l(libinit2.o)
    0x0800020e   0x0800020e   0x00000000   Code   RO          867    .ARM.Collect$$libinit$$00000025  c_w.l(libinit2.o)
    0x0800020e   0x0800020e   0x00000000   Code   RO          871    .ARM.Collect$$libinit$$0000002C  c_w.l(libinit2.o)
    0x0800020e   0x0800020e   0x00000000   Code   RO          873    .ARM.Collect$$libinit$$0000002E  c_w.l(libinit2.o)
    0x0800020e   0x0800020e   0x00000000   Code   RO          875    .ARM.Collect$$libinit$$00000030  c_w.l(libinit2.o)
    0x0800020e   0x0800020e   0x00000000   Code   RO          877    .ARM.Collect$$libinit$$00000032  c_w.l(libinit2.o)
    0x0800020e   0x0800020e   0x00000002   Code   RO          878    .ARM.Collect$$libinit$$00000033  c_w.l(libinit2.o)
    0x08000210   0x08000210   0x00000002   Code   RO          918    .ARM.Collect$$libshutdown$$00000000  c_w.l(libshutdown.o)
    0x08000212   0x08000212   0x00000000   Code   RO          930    .ARM.Collect$$libshutdown$$00000002  c_w.l(libshutdown2.o)
    0x08000212   0x08000212   0x00000000   Code   RO          932    .ARM.Collect$$libshutdown$$00000004  c_w.l(libshutdown2.o)
    0x08000212   0x08000212   0x00000000   Code   RO          935    .ARM.Collect$$libshutdown$$00000007  c_w.l(libshutdown2.o)
    0x08000212   0x08000212   0x00000000   Code   RO          938    .ARM.Collect$$libshutdown$$0000000A  c_w.l(libshutdown2.o)
    0x08000212   0x08000212   0x00000000   Code   RO          940    .ARM.Collect$$libshutdown$$0000000C  c_w.l(libshutdown2.o)
    0x08000212   0x08000212   0x00000000   Code   RO          943    .ARM.Collect$$libshutdown$$0000000F  c_w.l(libshutdown2.o)
    0x08000212   0x08000212   0x00000002   Code   RO          944    .ARM.Collect$$libshutdown$$00000010  c_w.l(libshutdown2.o)
    0x08000214   0x08000214   0x00000000   Code   RO          533    .ARM.Collect$$rtentry$$00000000  c_w.l(__rtentry.o)
    0x08000214   0x08000214   0x00000000   Code   RO          712    .ARM.Collect$$rtentry$$00000002  c_w.l(__rtentry2.o)
    0x08000214   0x08000214   0x00000006   Code   RO          724    .ARM.Collect$$rtentry$$00000004  c_w.l(__rtentry4.o)
    0x0800021a   0x0800021a   0x00000000   Code   RO          714    .ARM.Collect$$rtentry$$00000009  c_w.l(__rtentry2.o)
    0x0800021a   0x0800021a   0x00000004   Code   RO          715    .ARM.Collect$$rtentry$$0000000A  c_w.l(__rtentry2.o)
    0x0800021e   0x0800021e   0x00000000   Code   RO          717    .ARM.Collect$$rtentry$$0000000C  c_w.l(__rtentry2.o)
    0x0800021e   0x0800021e   0x00000008   Code   RO          718    .ARM.Collect$$rtentry$$0000000D  c_w.l(__rtentry2.o)
    0x08000226   0x08000226   0x00000002   Code   RO          821    .ARM.Collect$$rtexit$$00000000  c_w.l(rtexit.o)
    0x08000228   0x08000228   0x00000000   Code   RO          884    .ARM.Collect$$rtexit$$00000002  c_w.l(rtexit2.o)
    0x08000228   0x08000228   0x00000004   Code   RO          885    .ARM.Collect$$rtexit$$00000003  c_w.l(rtexit2.o)
    0x0800022c   0x0800022c   0x00000006   Code   RO          886    .ARM.Collect$$rtexit$$00000004  c_w.l(rtexit2.o)
    0x08000232   0x08000232   0x00000002   PAD
    0x08000234   0x08000234   0x00000040   Code   RO            4    .text               startup_stm32f103xb.o
    0x08000274   0x08000274   0x00000024   Code   RO          489    .text               c_w.l(vsprintf.o)
    0x08000298   0x08000298   0x0000004e   Code   RO          491    .text               c_w.l(rt_memclr_w.o)
    0x080002e6   0x080002e6   0x00000006   Code   RO          493    .text               c_w.l(heapauxi.o)
    0x080002ec   0x080002ec   0x0000004e   Code   RO          536    .text               c_w.l(_printf_pad.o)
    0x0800033a   0x0800033a   0x00000024   Code   RO          538    .text               c_w.l(_printf_truncate.o)
    0x0800035e   0x0800035e   0x00000052   Code   RO          540    .text               c_w.l(_printf_str.o)
    0x080003b0   0x080003b0   0x00000078   Code   RO          542    .text               c_w.l(_printf_dec.o)
    0x08000428   0x08000428   0x00000028   Code   RO          544    .text               c_w.l(_printf_charcount.o)
    0x08000450   0x08000450   0x00000030   Code   RO          546    .text               c_w.l(_printf_char_common.o)
    0x08000480   0x08000480   0x0000000a   Code   RO          548    .text               c_w.l(_sputc.o)
    0x0800048a   0x0800048a   0x00000002   PAD
    0x0800048c   0x0800048c   0x000000bc   Code   RO          550    .text               c_w.l(_printf_wctomb.o)
    0x08000548   0x08000548   0x0000007c   Code   RO          553    .text               c_w.l(_printf_longlong_dec.o)
    0x080005c4   0x080005c4   0x00000070   Code   RO          559    .text               c_w.l(_printf_oct_int_ll.o)
    0x08000634   0x08000634   0x00000094   Code   RO          579    .text               c_w.l(_printf_hex_int_ll_ptr.o)
    0x080006c8   0x080006c8   0x00000188   Code   RO          599    .text               c_w.l(__printf_flags_ss_wp.o)
    0x08000850   0x08000850   0x0000000c   Code   RO          707    .text               c_w.l(sys_exit.o)
    0x0800085c   0x0800085c   0x0000008a   Code   RO          726    .text               c_w.l(lludiv10.o)
    0x080008e6   0x080008e6   0x000000b2   Code   RO          728    .text               c_w.l(_printf_intcommon.o)
    0x08000998   0x08000998   0x0000041c   Code   RO          730    .text               c_w.l(_printf_fp_dec.o)
    0x08000db4   0x08000db4   0x000002fc   Code   RO          734    .text               c_w.l(_printf_fp_hex.o)
    0x080010b0   0x080010b0   0x0000002c   Code   RO          739    .text               c_w.l(_printf_char.o)
    0x080010dc   0x080010dc   0x0000002c   Code   RO          741    .text               c_w.l(_printf_wchar.o)
    0x08001108   0x08001108   0x00000048   Code   RO          744    .text               c_w.l(_c16rtomb.o)
    0x08001150   0x08001150   0x00000002   Code   RO          753    .text               c_w.l(use_no_semi.o)
    0x08001152   0x08001152   0x00000000   Code   RO          755    .text               c_w.l(indicate_semi.o)
    0x08001152   0x08001152   0x0000004a   Code   RO          756    .text               c_w.l(sys_stackheap_outer.o)
    0x0800119c   0x0800119c   0x00000010   Code   RO          758    .text               c_w.l(rt_ctype_table.o)
    0x080011ac   0x080011ac   0x00000008   Code   RO          765    .text               c_w.l(rt_locale_intlibspace.o)
    0x080011b4   0x080011b4   0x00000080   Code   RO          767    .text               c_w.l(_printf_fp_infnan.o)
    0x08001234   0x08001234   0x000000e4   Code   RO          769    .text               c_w.l(bigflt0.o)
    0x08001318   0x08001318   0x00000012   Code   RO          799    .text               c_w.l(exit.o)
    0x0800132a   0x0800132a   0x00000002   PAD
    0x0800132c   0x0800132c   0x00000008   Code   RO          818    .text               c_w.l(libspace.o)
    0x08001334   0x08001334   0x00000080   Code   RO          832    .text               c_w.l(strcmpv7m.o)
    0x080013b4   0x080013b4   0x00000002   Code   RO           43    .text.BusFault_Handler  stm32f1xx_it.o
    0x080013b6   0x080013b6   0x00000002   Code   RO           49    .text.DebugMon_Handler  stm32f1xx_it.o
    0x080013b8   0x080013b8   0x00000020   Code   RO          170    .text.HAL_Delay     stm32f1xx_hal.o
    0x080013d8   0x080013d8   0x00000008   Code   RO          162    .text.HAL_GetTick   stm32f1xx_hal.o
    0x080013e0   0x080013e0   0x00000014   Code   RO          160    .text.HAL_IncTick   stm32f1xx_hal.o
    0x080013f4   0x080013f4   0x00000020   Code   RO          150    .text.HAL_Init      stm32f1xx_hal.o
    0x08001414   0x08001414   0x0000003c   Code   RO          152    .text.HAL_InitTick  stm32f1xx_hal.o
    0x08001450   0x08001450   0x00000040   Code   RO           63    .text.HAL_MspInit   stm32f1xx_hal_msp.o
    0x08001490   0x08001490   0x0000003c   Code   RO          321    .text.HAL_NVIC_SetPriority  stm32f1xx_hal_cortex.o
    0x080014cc   0x080014cc   0x00000020   Code   RO          319    .text.HAL_NVIC_SetPriorityGrouping  stm32f1xx_hal_cortex.o
    0x080014ec   0x080014ec   0x0000015c   Code   RO          211    .text.HAL_RCC_ClockConfig  stm32f1xx_hal_rcc.o
    0x08001648   0x08001648   0x00000058   Code   RO          213    .text.HAL_RCC_GetSysClockFreq  stm32f1xx_hal_rcc.o
    0x080016a0   0x080016a0   0x000002f8   Code   RO          209    .text.HAL_RCC_OscConfig  stm32f1xx_hal_rcc.o
    0x08001998   0x08001998   0x00000028   Code   RO          333    .text.HAL_SYSTICK_Config  stm32f1xx_hal_cortex.o
    0x080019c0   0x080019c0   0x00000002   Code   RO           39    .text.HardFault_Handler  stm32f1xx_it.o
    0x080019c2   0x080019c2   0x00000002   Code   RO           41    .text.MemManage_Handler  stm32f1xx_it.o
    0x080019c4   0x080019c4   0x00000002   Code   RO           37    .text.NMI_Handler   stm32f1xx_it.o
    0x080019c6   0x080019c6   0x00000002   PAD
    0x080019c8   0x080019c8   0x00000024   Code   RO          323    .text.NVIC_SetPriority  stm32f1xx_hal_cortex.o
    0x080019ec   0x080019ec   0x00000002   Code   RO           51    .text.PendSV_Handler  stm32f1xx_it.o
    0x080019ee   0x080019ee   0x00000002   Code   RO           47    .text.SVC_Handler   stm32f1xx_it.o
    0x080019f0   0x080019f0   0x00000004   Code   RO           53    .text.SysTick_Handler  stm32f1xx_it.o
    0x080019f4   0x080019f4   0x0000004c   Code   RO          470    .text.SystemInit    system_stm32f1xx.o
    0x08001a40   0x08001a40   0x00000002   Code   RO           45    .text.UsageFault_Handler  stm32f1xx_it.o
    0x08001a42   0x08001a42   0x0000003e   Code   RO           13    .text._Z18SystemClock_Configv  main.o
    0x08001a80   0x08001a80   0x0000007a   Code   RO           95    .text._ZN5MyLCD10lowerWriteEv  lcd.o
    0x08001afa   0x08001afa   0x00000072   Code   RO           93    .text._ZN5MyLCD10upperWriteEv  lcd.o
    0x08001b6c   0x08001b6c   0x0000005c   Code   RO          111    .text._ZN5MyLCD11defineGraphEPca  lcd.o
    0x08001bc8   0x08001bc8   0x00000020   Code   RO           97    .text._ZN5MyLCD11printStringEPch  lcd.o
    0x08001be8   0x08001be8   0x0000004e   Code   RO           75    .text._ZN5MyLCD15GPIO_Pin_OutputEP12GPIO_TypeDefh  lcd.o
    0x08001c36   0x08001c36   0x00000016   Code   RO           87    .text._ZN5MyLCD4dataEv  lcd.o
    0x08001c4c   0x08001c4c   0x0000001a   Code   RO           28    .text._ZN5MyLCD4homeEv  main.o
    0x08001c66   0x08001c66   0x00000002   PAD
    0x08001c68   0x08001c68   0x00000084   Code   RO          101    .text._ZN5MyLCD4initEhbbb  lcd.o
    0x08001cec   0x08001cec   0x000000a4   Code   RO           83    .text._ZN5MyLCD4sendEv  lcd.o
    0x08001d90   0x08001d90   0x0000001a   Code   RO           26    .text._ZN5MyLCD5clearEv  main.o
    0x08001daa   0x08001daa   0x00000002   PAD
    0x08001dac   0x08001dac   0x0000002c   Code   RO           99    .text._ZN5MyLCD5printEPKcz  lcd.o
    0x08001dd8   0x08001dd8   0x00000016   Code   RO           30    .text._ZN5MyLCD5printEc  main.o
    0x08001dee   0x08001dee   0x00000046   Code   RO          105    .text._ZN5MyLCD5shiftEhhs  lcd.o
    0x08001e34   0x08001e34   0x0000000a   Code   RO           34    .text._ZN5MyLCD6shiftLEhs  main.o
    0x08001e3e   0x08001e3e   0x0000000a   Code   RO           32    .text._ZN5MyLCD6shiftREhs  main.o
    0x08001e48   0x08001e48   0x00000018   Code   RO           85    .text._ZN5MyLCD7commandEv  lcd.o
    0x08001e60   0x08001e60   0x00000012   Code   RO          123    .text._ZN5MyLCD9fullWriteEv  lcd.o
    0x08001e72   0x08001e72   0x00000020   Code   RO          103    .text._ZN5MyLCD9setCursorEbh  lcd.o
    0x08001e92   0x08001e92   0x00000064   Code   RO           91    .text._ZN5MyLCD9writeCharEc  lcd.o
    0x08001ef6   0x08001ef6   0x00000002   PAD
    0x08001ef8   0x08001ef8   0x000000ec   Code   RO           73    .text._ZN5MyLCDC2Echhhhhh  lcd.o
    0x08001fe4   0x08001fe4   0x00000140   Code   RO           11    .text.main          main.o
    0x08002124   0x08002124   0x0000003e   Code   RO          772    CL$$btod_d2e        c_w.l(btod.o)
    0x08002162   0x08002162   0x00000046   Code   RO          774    CL$$btod_d2e_denorm_low  c_w.l(btod.o)
    0x080021a8   0x080021a8   0x00000060   Code   RO          773    CL$$btod_d2e_norm_op1  c_w.l(btod.o)
    0x08002208   0x08002208   0x00000338   Code   RO          782    CL$$btod_div_common  c_w.l(btod.o)
    0x08002540   0x08002540   0x000000dc   Code   RO          779    CL$$btod_e2e        c_w.l(btod.o)
    0x0800261c   0x0800261c   0x0000002a   Code   RO          776    CL$$btod_ediv       c_w.l(btod.o)
    0x08002646   0x08002646   0x0000002a   Code   RO          775    CL$$btod_emul       c_w.l(btod.o)
    0x08002670   0x08002670   0x00000244   Code   RO          781    CL$$btod_mult_common  c_w.l(btod.o)
    0x080028b4   0x080028b4   0x00000028   Code   RO          816    i.__ARM_fpclassify  m_ws.l(fpclassify.o)
    0x080028dc   0x080028dc   0x0000000e   Code   RO          592    i._is_digit         c_w.l(__printf_wp.o)
    0x080028ea   0x080028ea   0x00000002   PAD
    0x080028ec   0x080028ec   0x0000002c   Code   RO          797    locale$$code        c_w.l(lc_numeric_c.o)
    0x08002918   0x08002918   0x0000002c   Code   RO          826    locale$$code        c_w.l(lc_ctype_c.o)
    0x08002944   0x08002944   0x00000004   Code   RO          627    x$fpl$printf1       fz_ws.l(printf1.o)
    0x08002948   0x08002948   0x00000004   Code   RO          629    x$fpl$printf2       fz_ws.l(printf2.o)
    0x0800294c   0x0800294c   0x00000000   Code   RO          815    x$fpl$usenofp       fz_ws.l(usenofp.o)
    0x0800294c   0x0800294c   0x00000008   Data   RO          551    .constdata          c_w.l(_printf_wctomb.o)
    0x08002954   0x08002954   0x00000028   Data   RO          580    .constdata          c_w.l(_printf_hex_int_ll_ptr.o)
    0x0800297c   0x0800297c   0x00000011   Data   RO          600    .constdata          c_w.l(__printf_flags_ss_wp.o)
    0x0800298d   0x0800298d   0x00000026   Data   RO          735    .constdata          c_w.l(_printf_fp_hex.o)
    0x080029b3   0x080029b3   0x00000001   PAD
    0x080029b4   0x080029b4   0x00000094   Data   RO          770    .constdata          c_w.l(bigflt0.o)
    0x08002a48   0x08002a48   0x00000010   Data   RO          475    .rodata.AHBPrescTable  system_stm32f1xx.o
    0x08002a58   0x08002a58   0x00000020   Data   RO          945    Region$$Table       anon$$obj.o
    0x08002a78   0x08002a78   0x0000001c   Data   RO          796    locale$$data        c_w.l(lc_numeric_c.o)
    0x08002a94   0x08002a94   0x00000110   Data   RO          825    locale$$data        c_w.l(lc_ctype_c.o)


    Execution Region RW_IRAM1 (Exec base: 0x20000000, Load base: 0x08002ba8, Size: 0x000006a0, Max: 0x00005000, ABSOLUTE)

    Exec Addr    Load Addr    Size         Type   Attr      Idx    E Section Name        Object

    0x20000000   0x08002ba8   0x00000008   Data   RW          197    .data..L_MergedGlobals  stm32f1xx_hal.o
    0x20000008   0x08002bb0   0x00000004   Data   RW          474    .data.SystemCoreClock  system_stm32f1xx.o
    0x2000000c   0x08002bb4   0x00000001   Data   RW          114    .data._ZZN5MyLCD11defineGraphEPcaE3idx  lcd.o
    0x2000000d   0x08002bb5   0x00000003   PAD
    0x20000010        -       0x00000060   Zero   RW          819    .bss                c_w.l(libspace.o)
    0x20000070        -       0x00000028   Zero   RW          113    .bss.buffer         lcd.o
    0x20000098        -       0x00000004   Zero   RW          196    .bss.uwTick         stm32f1xx_hal.o
    0x2000009c   0x08002bb5   0x00000004   PAD
    0x200000a0        -       0x00000200   Zero   RW            2    HEAP                startup_stm32f103xb.o
    0x200002a0        -       0x00000400   Zero   RW            1    STACK               startup_stm32f103xb.o


==============================================================================

Image component sizes


      Code (inc. data)   RO Data    RW Data    ZI Data      Debug   Object Name

      1280         30          0          1         40      15992   lcd.o
       476         60          0          0          0      11748   main.o
        64         26        236          0       1536        804   startup_stm32f103xb.o
       152          8          0          8          4       5570   stm32f1xx_hal.o
       168         24          0          0          0       7790   stm32f1xx_hal_cortex.o
        64          8          0          0          0       1196   stm32f1xx_hal_msp.o
      1196         56          0          0          0       6868   stm32f1xx_hal_rcc.o
        20          0          0          0          0       1019   stm32f1xx_it.o
        76         16         16          4          0       2097   system_stm32f1xx.o

    ----------------------------------------------------------------------
      3504        228        284         16       1584      53084   Object Totals
         0          0         32          0          0          0   (incl. Generated)
         8          0          0          3          4          0   (incl. Padding)

    ----------------------------------------------------------------------

      Code (inc. data)   RO Data    RW Data    ZI Data      Debug   Library Member Name

         8          0          0          0          0         68   __main.o
       392          4         17          0          0         92   __printf_flags_ss_wp.o
        14          0          0          0          0         68   __printf_wp.o
         0          0          0          0          0          0   __rtentry.o
        12          0          0          0          0          0   __rtentry2.o
         6          0          0          0          0          0   __rtentry4.o
        52          8          0          0          0          0   __scatter.o
        26          0          0          0          0          0   __scatter_copy.o
        28          0          0          0          0          0   __scatter_zi.o
        72          0          0          0          0         96   _c16rtomb.o
         6          0          0          0          0          0   _printf_a.o
         6          0          0          0          0          0   _printf_c.o
        44          0          0          0          0        108   _printf_char.o
        48          6          0          0          0         96   _printf_char_common.o
        40          0          0          0          0         68   _printf_charcount.o
         6          0          0          0          0          0   _printf_d.o
       120         16          0          0          0         92   _printf_dec.o
         6          0          0          0          0          0   _printf_e.o
         6          0          0          0          0          0   _printf_f.o
      1052          0          0          0          0        148   _printf_fp_dec.o
       764          8         38          0          0        100   _printf_fp_hex.o
       128         16          0          0          0         84   _printf_fp_infnan.o
         6          0          0          0          0          0   _printf_g.o
       148          4         40          0          0        160   _printf_hex_int_ll_ptr.o
         6          0          0          0          0          0   _printf_i.o
       178          0          0          0          0         88   _printf_intcommon.o
        10          0          0          0          0          0   _printf_l.o
         6          0          0          0          0          0   _printf_lc.o
        10          0          0          0          0          0   _printf_ll.o
         6          0          0          0          0          0   _printf_lld.o
         6          0          0          0          0          0   _printf_lli.o
         6          0          0          0          0          0   _printf_llo.o
         6          0          0          0          0          0   _printf_llu.o
         6          0          0          0          0          0   _printf_llx.o
       124         16          0          0          0         92   _printf_longlong_dec.o
         6          0          0          0          0          0   _printf_ls.o
         6          0          0          0          0          0   _printf_n.o
         6          0          0          0          0          0   _printf_o.o
       112          8          0          0          0        124   _printf_oct_int_ll.o
         6          0          0          0          0          0   _printf_p.o
        78          0          0          0          0        108   _printf_pad.o
         0          0          0          0          0          0   _printf_percent.o
         4          0          0          0          0          0   _printf_percent_end.o
         6          0          0          0          0          0   _printf_s.o
        82          0          0          0          0         80   _printf_str.o
        36          0          0          0          0         84   _printf_truncate.o
         6          0          0          0          0          0   _printf_u.o
        44          0          0          0          0        108   _printf_wchar.o
       188          6          8          0          0         92   _printf_wctomb.o
         6          0          0          0          0          0   _printf_x.o
        10          0          0          0          0         68   _sputc.o
       228          4        148          0          0         96   bigflt0.o
      1936        128          0          0          0        672   btod.o
        18          0          0          0          0         80   exit.o
         6          0          0          0          0        152   heapauxi.o
         0          0          0          0          0          0   indicate_semi.o
        44         10        272          0          0         76   lc_ctype_c.o
        44         10         28          0          0         76   lc_numeric_c.o
         2          0          0          0          0          0   libinit.o
        30          0          0          0          0          0   libinit2.o
         2          0          0          0          0          0   libshutdown.o
         2          0          0          0          0          0   libshutdown2.o
         8          4          0          0         96         68   libspace.o
       138          0          0          0          0         80   lludiv10.o
        16          4          0          0          0         76   rt_ctype_table.o
         8          4          0          0          0         68   rt_locale_intlibspace.o
        78          0          0          0          0         80   rt_memclr_w.o
         2          0          0          0          0          0   rtexit.o
        10          0          0          0          0          0   rtexit2.o
       128          0          0          0          0         68   strcmpv7m.o
        12          4          0          0          0         68   sys_exit.o
        74          0          0          0          0         80   sys_stackheap_outer.o
         2          0          0          0          0         68   use_no_semi.o
        36          4          0          0          0         76   vsprintf.o
         4          0          0          0          0         68   printf1.o
         4          0          0          0          0         68   printf2.o
         0          0          0          0          0          0   usenofp.o
        40          0          0          0          0         68   fpclassify.o

    ----------------------------------------------------------------------
      6832        264        552          0         96       4112   Library Totals
        10          0          1          0          0          0   (incl. Padding)

    ----------------------------------------------------------------------

      Code (inc. data)   RO Data    RW Data    ZI Data      Debug   Library Name

      6774        264        551          0         96       3908   c_w.l
         8          0          0          0          0        136   fz_ws.l
        40          0          0          0          0         68   m_ws.l

    ----------------------------------------------------------------------
      6832        264        552          0         96       4112   Library Totals

    ----------------------------------------------------------------------

==============================================================================


      Code (inc. data)   RO Data    RW Data    ZI Data      Debug   

     10336        492        836         16       1680      54896   Grand Totals
     10336        492        836         16       1680      54896   ELF Image Totals
     10336        492        836         16          0          0   ROM Totals

==============================================================================

    Total RO  Size (Code + RO Data)                11172 (  10.91kB)
    Total RW  Size (RW Data + ZI Data)              1696 (   1.66kB)
    Total ROM Size (Code + RO Data + RW Data)      11188 (  10.93kB)

==============================================================================

